Component: Arm Compiler for Embedded 6.19 Tool: armlink [5e73cb00]

==============================================================================

Section Cross References

    startup_stm32f030x6.o(STACK) refers (Special) to heapauxi.o(.text) for __use_two_region_memory
    startup_stm32f030x6.o(HEAP) refers (Special) to heapauxi.o(.text) for __use_two_region_memory
    startup_stm32f030x6.o(RESET) refers (Special) to heapauxi.o(.text) for __use_two_region_memory
    startup_stm32f030x6.o(RESET) refers to startup_stm32f030x6.o(STACK) for __initial_sp
    startup_stm32f030x6.o(RESET) refers to startup_stm32f030x6.o(.text) for Reset_Handler
    startup_stm32f030x6.o(RESET) refers to stm32f0xx_it.o(.text.NMI_Handler) for NMI_Handler
    startup_stm32f030x6.o(RESET) refers to stm32f0xx_it.o(.text.HardFault_Handler) for HardFault_Handler
    startup_stm32f030x6.o(RESET) refers to stm32f0xx_it.o(.text.SVC_Handler) for SVC_Handler
    startup_stm32f030x6.o(RESET) refers to stm32f0xx_it.o(.text.PendSV_Handler) for PendSV_Handler
    startup_stm32f030x6.o(RESET) refers to stm32f0xx_it.o(.text.SysTick_Handler) for SysTick_Handler
    startup_stm32f030x6.o(RESET) refers to stm32f0xx_it.o(.text.EXTI2_3_IRQHandler) for EXTI2_3_IRQHandler
    startup_stm32f030x6.o(RESET) refers to stm32f0xx_it.o(.text.DMA1_Channel2_3_IRQHandler) for DMA1_Channel2_3_IRQHandler
    startup_stm32f030x6.o(RESET) refers to stm32f0xx_it.o(.text.TIM1_BRK_UP_TRG_COM_IRQHandler) for TIM1_BRK_UP_TRG_COM_IRQHandler
    startup_stm32f030x6.o(.text) refers (Special) to heapauxi.o(.text) for __use_two_region_memory
    startup_stm32f030x6.o(.text) refers to system_stm32f0xx.o(.text.SystemInit) for SystemInit
    startup_stm32f030x6.o(.text) refers to __main.o(!!!main) for __main
    startup_stm32f030x6.o(.text) refers to startup_stm32f030x6.o(HEAP) for Heap_Mem
    startup_stm32f030x6.o(.text) refers to startup_stm32f030x6.o(STACK) for Stack_Mem
    main.o(.text.TIM1_callback) refers to main.o(.bss..L_MergedGlobals) for [Anonymous Symbol]
    main.o(.ARM.exidx.text.TIM1_callback) refers to main.o(.text.TIM1_callback) for [Anonymous Symbol]
    main.o(.text.nrf24l01_receive) refers to kombo_nrf24.o(.bss..L_MergedGlobals) for f_rx
    main.o(.text.nrf24l01_receive) refers to main.o(.bss..L_MergedGlobals) for [Anonymous Symbol]
    main.o(.text.nrf24l01_receive) refers to main.o(.data.save_mode) for save_mode
    main.o(.ARM.exidx.text.nrf24l01_receive) refers to main.o(.text.nrf24l01_receive) for [Anonymous Symbol]
    main.o(.text.main) refers to main.o(.text.LL_APB1_GRP2_EnableClock) for LL_APB1_GRP2_EnableClock
    main.o(.text.main) refers to main.o(.text.LL_APB1_GRP1_EnableClock) for LL_APB1_GRP1_EnableClock
    main.o(.text.main) refers to main.o(.text.SystemClock_Config) for SystemClock_Config
    main.o(.text.main) refers to stm32f0xx_ll_exti.o(.text.LL_EXTI_Init) for LL_EXTI_Init
    main.o(.text.main) refers to stm32f0xx_ll_gpio.o(.text.LL_GPIO_Init) for LL_GPIO_Init
    main.o(.text.main) refers to main.o(.text.LL_AHB1_GRP1_EnableClock) for LL_AHB1_GRP1_EnableClock
    main.o(.text.main) refers to stm32f0xx_ll_spi.o(.text.LL_SPI_Init) for LL_SPI_Init
    main.o(.text.main) refers to stm32f0xx_ll_tim.o(.text.LL_TIM_Init) for LL_TIM_Init
    main.o(.text.main) refers to rt_memclr.o(.text) for __aeabi_memclr4
    main.o(.text.main) refers to stm32f0xx_ll_tim.o(.text.LL_TIM_OC_Init) for LL_TIM_OC_Init
    main.o(.text.main) refers to kombo_nrf24.o(.text.nrf24_init) for nrf24_init
    main.o(.text.main) refers to ws2812.o(.text.blink_leds) for blink_leds
    main.o(.text.main) refers to kombo_nrf24.o(.text.nrf24_send) for nrf24_send
    main.o(.text.main) refers to ws2812.o(.text.rainbow) for rainbow
    main.o(.text.main) refers to ws2812.o(.text.green_run) for green_run
    main.o(.text.main) refers to ws2812.o(.text.red_run) for red_run
    main.o(.text.main) refers to ws2812.o(.text.blue_run) for blue_run
    main.o(.text.main) refers to ws2812.o(.text.red_blue_run) for red_blue_run
    main.o(.text.main) refers to ws2812.o(.text.red_green_run) for red_green_run
    main.o(.text.main) refers to ws2812.o(.text.blue_green_run) for blue_green_run
    main.o(.text.main) refers to ws2812.o(.text.random_noise) for random_noise
    main.o(.text.main) refers to ws2812.o(.text.led_update) for led_update
    main.o(.text.main) refers to main.o(.text.nrf24l01_receive) for nrf24l01_receive
    main.o(.text.main) refers to main.o(.bss..L_MergedGlobals) for [Anonymous Symbol]
    main.o(.text.main) refers to kombo_nrf24.o(.bss.tx_buf) for tx_buf
    main.o(.text.main) refers to ws2812.o(.bss..L_MergedGlobals) for grb
    main.o(.text.main) refers to main.o(.data.led_pause) for led_pause
    main.o(.ARM.exidx.text.main) refers to main.o(.text.main) for [Anonymous Symbol]
    main.o(.ARM.exidx.text.LL_APB1_GRP2_EnableClock) refers to main.o(.text.LL_APB1_GRP2_EnableClock) for [Anonymous Symbol]
[...]
    rand.o(.emb_text) refers to rand.o(.bss) for _random_number_data
    rand.o(.text) refers (Special) to libinit2.o(.ARM.Collect$$libinit$$0000000F) for __rt_lib_init_rand_2
    rand.o(.text) refers to rand.o(.bss) for .bss
    rand.o(.bss) refers (Special) to libinit2.o(.ARM.Collect$$libinit$$0000000F) for __rt_lib_init_rand_2
    __main.o(!!!main) refers to __rtentry.o(.ARM.Collect$$rtentry$$00000000) for __rt_entry
    __rtentry.o(.ARM.Collect$$rtentry$$00000000) refers (Special) to __rtentry2.o(.ARM.Collect$$rtentry$$0000000A) for __rt_entry_li
    __rtentry.o(.ARM.Collect$$rtentry$$00000000) refers (Special) to __rtentry2.o(.ARM.Collect$$rtentry$$0000000D) for __rt_entry_main
    __rtentry.o(.ARM.Collect$$rtentry$$00000000) refers (Special) to __rtentry2.o(.ARM.Collect$$rtentry$$0000000C) for __rt_entry_postli_1
    __rtentry.o(.ARM.Collect$$rtentry$$00000000) refers (Special) to __rtentry2.o(.ARM.Collect$$rtentry$$00000009) for __rt_entry_postsh_1
    __rtentry.o(.ARM.Collect$$rtentry$$00000000) refers (Special) to __rtentry2.o(.ARM.Collect$$rtentry$$00000002) for __rt_entry_presh_1
    __rtentry.o(.ARM.Collect$$rtentry$$00000000) refers (Special) to __rtentry4.o(.ARM.Collect$$rtentry$$00000004) for __rt_entry_sh
    aeabi_idiv0_sigfpe.o(.text) refers to rt_div0.o(.text) for __rt_div0
    libinit2.o(.ARM.Collect$$libinit$$0000000F) refers (Weak) to rand.o(.text) for _rand_init
    libinit2.o(.ARM.Collect$$libinit$$00000012) refers to libinit2.o(.ARM.Collect$$libinit$$00000011) for .ARM.Collect$$libinit$$00000011
    libinit2.o(.ARM.Collect$$libinit$$00000014) refers to libinit2.o(.ARM.Collect$$libinit$$00000011) for .ARM.Collect$$libinit$$00000011
    libinit2.o(.ARM.Collect$$libinit$$00000016) refers to libinit2.o(.ARM.Collect$$libinit$$00000011) for .ARM.Collect$$libinit$$00000011
    libinit2.o(.ARM.Collect$$libinit$$00000018) refers to libinit2.o(.ARM.Collect$$libinit$$00000011) for .ARM.Collect$$libinit$$00000011
    libinit2.o(.ARM.Collect$$libinit$$0000001A) refers to libinit2.o(.ARM.Collect$$libinit$$00000011) for .ARM.Collect$$libinit$$00000011
    libinit2.o(.ARM.Collect$$libinit$$00000028) refers to argv_veneer.o(.text) for __ARM_argv_veneer
    libinit2.o(.ARM.Collect$$libinit$$00000029) refers to argv_veneer.o(.text) for __ARM_argv_veneer
    __rtentry2.o(.ARM.Collect$$rtentry$$00000008) refers to boardinit2.o(.text) for _platform_post_stackheap_init
    __rtentry2.o(.ARM.Collect$$rtentry$$0000000A) refers to libinit.o(.ARM.Collect$$libinit$$00000000) for __rt_lib_init
    __rtentry2.o(.ARM.Collect$$rtentry$$0000000B) refers to boardinit3.o(.text) for _platform_post_lib_init
    __rtentry2.o(.ARM.Collect$$rtentry$$0000000D) refers to main.o(.text.main) for main
    __rtentry2.o(.ARM.Collect$$rtentry$$0000000D) refers to exit.o(.text) for exit
    __rtentry2.o(.ARM.exidx) refers to __rtentry2.o(.ARM.Collect$$rtentry$$00000001) for .ARM.Collect$$rtentry$$00000001
    __rtentry2.o(.ARM.exidx) refers to __rtentry2.o(.ARM.Collect$$rtentry$$00000008) for .ARM.Collect$$rtentry$$00000008
    __rtentry2.o(.ARM.exidx) refers to __rtentry2.o(.ARM.Collect$$rtentry$$0000000A) for .ARM.Collect$$rtentry$$0000000A
    __rtentry2.o(.ARM.exidx) refers to __rtentry2.o(.ARM.Collect$$rtentry$$0000000B) for .ARM.Collect$$rtentry$$0000000B
    __rtentry2.o(.ARM.exidx) refers to __rtentry2.o(.ARM.Collect$$rtentry$$0000000D) for .ARM.Collect$$rtentry$$0000000D
    __rtentry4.o(.ARM.Collect$$rtentry$$00000004) refers to sys_stackheap_outer.o(.text) for __user_setup_stackheap
    __rtentry4.o(.ARM.exidx) refers to __rtentry4.o(.ARM.Collect$$rtentry$$00000004) for .ARM.Collect$$rtentry$$00000004
    rt_div0.o(.text) refers to defsig_fpe_outer.o(.text) for __rt_SIGFPE
    sys_stackheap_outer.o(.text) refers to libspace.o(.text) for __user_perproc_libspace
    sys_stackheap_outer.o(.text) refers to startup_stm32f030x6.o(.text) for __user_initial_stackheap
    sys_stackheap_outer.o(__vectab_stack_and_reset_area) refers to tempstk.o(.text) for __temporary_stack_top
    sys_stackheap_outer.o(__vectab_stack_and_reset_area) refers to __main.o(!!!main) for __main
    exit.o(.text) refers to rtexit.o(.ARM.Collect$$rtexit$$00000000) for __rt_exit
    defsig_fpe_outer.o(.text) refers to defsig_fpe_inner.o(.text) for __rt_SIGFPE_inner
    defsig_fpe_outer.o(.text) refers to defsig_exit.o(.text) for __sig_exit
    defsig_fpe_formal.o(.text) refers to rt_raise.o(.text) for __rt_raise
    _get_argv_nomalloc.o(.text) refers (Special) to hrguard.o(.text) for __heap_region$guard
    _get_argv_nomalloc.o(.text) refers to defsig_rtmem_outer.o(.text) for __rt_SIGRTMEM
    _get_argv_nomalloc.o(.text) refers to sys_command.o(.text) for _sys_command_string
    libinit.o(.ARM.Collect$$libinit$$00000000) refers (Special) to libinit2.o(.ARM.Collect$$libinit$$00000030) for __rt_lib_init_alloca_1
    libinit.o(.ARM.Collect$$libinit$$00000000) refers (Special) to libinit2.o(.ARM.Collect$$libinit$$0000002E) for __rt_lib_init_argv_1
    libinit.o(.ARM.Collect$$libinit$$00000000) refers (Special) to libinit2.o(.ARM.Collect$$libinit$$0000001D) for __rt_lib_init_atexit_1
    libinit.o(.ARM.Collect$$libinit$$00000000) refers (Special) to libinit2.o(.ARM.Collect$$libinit$$00000023) for __rt_lib_init_clock_1
    libinit.o(.ARM.Collect$$libinit$$00000000) refers (Special) to libinit2.o(.ARM.Collect$$libinit$$00000034) for __rt_lib_init_cpp_1
    libinit.o(.ARM.Collect$$libinit$$00000000) refers (Special) to libinit2.o(.ARM.Collect$$libinit$$00000032) for __rt_lib_init_exceptions_1
    libinit.o(.ARM.Collect$$libinit$$00000000) refers (Special) to libinit2.o(.ARM.Collect$$libinit$$00000002) for __rt_lib_init_fp_1
    libinit.o(.ARM.Collect$$libinit$$00000000) refers (Special) to libinit2.o(.ARM.Collect$$libinit$$00000021) for __rt_lib_init_fp_trap_1
    libinit.o(.ARM.Collect$$libinit$$00000000) refers (Special) to libinit2.o(.ARM.Collect$$libinit$$00000025) for __rt_lib_init_getenv_1
    libinit.o(.ARM.Collect$$libinit$$00000000) refers (Special) to libinit2.o(.ARM.Collect$$libinit$$0000000C) for __rt_lib_init_heap_1
    libinit.o(.ARM.Collect$$libinit$$00000000) refers (Special) to libinit2.o(.ARM.Collect$$libinit$$00000013) for __rt_lib_init_lc_collate_1
    libinit.o(.ARM.Collect$$libinit$$00000000) refers (Special) to libinit2.o(.ARM.Collect$$libinit$$00000015) for __rt_lib_init_lc_ctype_1
    libinit.o(.ARM.Collect$$libinit$$00000000) refers (Special) to libinit2.o(.ARM.Collect$$libinit$$00000017) for __rt_lib_init_lc_monetary_1
    libinit.o(.ARM.Collect$$libinit$$00000000) refers (Special) to libinit2.o(.ARM.Collect$$libinit$$00000019) for __rt_lib_init_lc_numeric_1
    libinit.o(.ARM.Collect$$libinit$$00000000) refers (Special) to libinit2.o(.ARM.Collect$$libinit$$0000001B) for __rt_lib_init_lc_time_1
    libinit.o(.ARM.Collect$$libinit$$00000000) refers (Special) to libinit2.o(.ARM.Collect$$libinit$$00000006) for __rt_lib_init_preinit_1
    libinit.o(.ARM.Collect$$libinit$$00000000) refers (Special) to libinit2.o(.ARM.Collect$$libinit$$00000010) for __rt_lib_init_rand_1
    libinit.o(.ARM.Collect$$libinit$$00000000) refers (Special) to libinit2.o(.ARM.Collect$$libinit$$00000004) for __rt_lib_init_relocate_pie_1
    libinit.o(.ARM.Collect$$libinit$$00000000) refers (Special) to libinit2.o(.ARM.Collect$$libinit$$00000035) for __rt_lib_init_return
    libinit.o(.ARM.Collect$$libinit$$00000000) refers (Special) to libinit2.o(.ARM.Collect$$libinit$$0000001F) for __rt_lib_init_signal_1
    libinit.o(.ARM.Collect$$libinit$$00000000) refers (Special) to libinit2.o(.ARM.Collect$$libinit$$00000027) for __rt_lib_init_stdio_1
    libinit.o(.ARM.Collect$$libinit$$00000000) refers (Special) to libinit2.o(.ARM.Collect$$libinit$$0000000E) for __rt_lib_init_user_alloc_1
    sys_command.o(.text) refers (Special) to use_no_semi.o(.text) for __I$use$semihosting
    sys_command.o(.text) refers (Special) to indicate_semi.o(.text) for __semihosting_library_function
    sys_command_hlt.o(.text) refers (Special) to use_no_semi.o(.text) for __I$use$semihosting
    sys_command_hlt.o(.text) refers (Special) to indicate_semi.o(.text) for __semihosting_library_function
    libspace.o(.text) refers to libspace.o(.bss) for __libspace_start
    rtexit.o(.ARM.Collect$$rtexit$$00000000) refers (Special) to rtexit2.o(.ARM.Collect$$rtexit$$00000004) for __rt_exit_exit
    rtexit.o(.ARM.Collect$$rtexit$$00000000) refers (Special) to rtexit2.o(.ARM.Collect$$rtexit$$00000003) for __rt_exit_ls
    rtexit.o(.ARM.Collect$$rtexit$$00000000) refers (Special) to rtexit2.o(.ARM.Collect$$rtexit$$00000002) for __rt_exit_prels_1
    rtexit.o(.ARM.exidx) refers (Special) to rtexit2.o(.ARM.Collect$$rtexit$$00000004) for __rt_exit_exit
    rtexit.o(.ARM.exidx) refers (Special) to rtexit2.o(.ARM.Collect$$rtexit$$00000003) for __rt_exit_ls
    rtexit.o(.ARM.exidx) refers (Special) to rtexit2.o(.ARM.Collect$$rtexit$$00000002) for __rt_exit_prels_1
    rtexit.o(.ARM.exidx) refers to rtexit.o(.ARM.Collect$$rtexit$$00000000) for .ARM.Collect$$rtexit$$00000000
    rt_raise.o(.text) refers to __raise.o(.text) for __raise
    rt_raise.o(.text) refers to sys_exit.o(.text) for _sys_exit
    defsig_exit.o(.text) refers to sys_exit.o(.text) for _sys_exit
    defsig_fpe_inner.o(.text) refers to defsig_general.o(.text) for __default_signal_display
    defsig_rtmem_outer.o(.text) refers to defsig_rtmem_inner.o(.text) for __rt_SIGRTMEM_inner
    defsig_rtmem_outer.o(.text) refers to defsig_exit.o(.text) for __sig_exit
    defsig_rtmem_formal.o(.text) refers to rt_raise.o(.text) for __rt_raise
    sys_exit.o(.text) refers (Special) to use_no_semi.o(.text) for __I$use$semihosting
    sys_exit.o(.text) refers (Special) to indicate_semi.o(.text) for __semihosting_library_function
    sys_exit_hlt.o(.text) refers (Special) to use_no_semi.o(.text) for __I$use$semihosting
    sys_exit_hlt.o(.text) refers (Special) to indicate_semi.o(.text) for __semihosting_library_function
    rtexit2.o(.ARM.Collect$$rtexit$$00000003) refers to libshutdown.o(.ARM.Collect$$libshutdown$$00000000) for __rt_lib_shutdown
    rtexit2.o(.ARM.Collect$$rtexit$$00000004) refers to sys_exit.o(.text) for _sys_exit
    rtexit2.o(.ARM.exidx) refers to rtexit2.o(.ARM.Collect$$rtexit$$00000001) for .ARM.Collect$$rtexit$$00000001
    rtexit2.o(.ARM.exidx) refers to rtexit2.o(.ARM.Collect$$rtexit$$00000003) for .ARM.Collect$$rtexit$$00000003
    rtexit2.o(.ARM.exidx) refers to rtexit2.o(.ARM.Collect$$rtexit$$00000004) for .ARM.Collect$$rtexit$$00000004
    __raise.o(.text) refers to defsig.o(CL$$defsig) for __default_signal_handler
    defsig_general.o(.text) refers to sys_wrch.o(.text) for _ttywrch
    defsig_rtmem_inner.o(.text) refers to defsig_general.o(.text) for __default_signal_display
    sys_wrch.o(.text) refers (Special) to use_no_semi.o(.text) for __I$use$semihosting
    sys_wrch.o(.text) refers (Special) to indicate_semi.o(.text) for __semihosting_library_function
    sys_wrch_hlt.o(.text) refers (Special) to use_no_semi.o(.text) for __I$use$semihosting
    sys_wrch_hlt.o(.text) refers (Special) to indicate_semi.o(.text) for __semihosting_library_function
    defsig.o(CL$$defsig) refers to defsig_fpe_inner.o(.text) for __rt_SIGFPE_inner
    defsig.o(CL$$defsig) refers to defsig_rtmem_inner.o(.text) for __rt_SIGRTMEM_inner
    libshutdown.o(.ARM.Collect$$libshutdown$$00000000) refers (Special) to libshutdown2.o(.ARM.Collect$$libshutdown$$00000002) for __rt_lib_shutdown_cpp_1
    libshutdown.o(.ARM.Collect$$libshutdown$$00000000) refers (Special) to libshutdown2.o(.ARM.Collect$$libshutdown$$00000007) for __rt_lib_shutdown_fp_trap_1
    libshutdown.o(.ARM.Collect$$libshutdown$$00000000) refers (Special) to libshutdown2.o(.ARM.Collect$$libshutdown$$0000000F) for __rt_lib_shutdown_heap_1
    libshutdown.o(.ARM.Collect$$libshutdown$$00000000) refers (Special) to libshutdown2.o(.ARM.Collect$$libshutdown$$00000010) for __rt_lib_shutdown_return
    libshutdown.o(.ARM.Collect$$libshutdown$$00000000) refers (Special) to libshutdown2.o(.ARM.Collect$$libshutdown$$0000000A) for __rt_lib_shutdown_signal_1
    libshutdown.o(.ARM.Collect$$libshutdown$$00000000) refers (Special) to libshutdown2.o(.ARM.Collect$$libshutdown$$00000004) for __rt_lib_shutdown_stdio_1
    libshutdown.o(.ARM.Collect$$libshutdown$$00000000) refers (Special) to libshutdown2.o(.ARM.Collect$$libshutdown$$0000000C) for __rt_lib_shutdown_user_alloc_1
    defsig_abrt_inner.o(.text) refers to defsig_general.o(.text) for __default_signal_display
    defsig_rtred_inner.o(.text) refers to defsig_general.o(.text) for __default_signal_display
    defsig_stak_inner.o(.text) refers to defsig_general.o(.text) for __default_signal_display
    defsig_pvfn_inner.o(.text) refers to defsig_general.o(.text) for __default_signal_display
    defsig_cppl_inner.o(.text) refers to defsig_general.o(.text) for __default_signal_display
    defsig_segv_inner.o(.text) refers to defsig_general.o(.text) for __default_signal_display
    defsig_other.o(.text) refers to defsig_general.o(.text) for __default_signal_display


==============================================================================

Removing Unused input sections from the image.

    Removing main.o(.text), (0 bytes).
    Removing main.o(.ARM.exidx.text.TIM1_callback), (8 bytes).
    Removing main.o(.ARM.exidx.text.nrf24l01_receive), (8 bytes).
    Removing main.o(.ARM.exidx.text.main), (8 bytes).
    Removing main.o(.ARM.exidx.text.LL_APB1_GRP2_EnableClock), (8 bytes).
    Removing main.o(.ARM.exidx.text.LL_APB1_GRP1_EnableClock), (8 bytes).
    Removing main.o(.ARM.exidx.text.SystemClock_Config), (8 bytes).
    Removing main.o(.text.Error_Handler), (8 bytes).
    Removing main.o(.ARM.exidx.text.Error_Handler), (8 bytes).
    Removing main.o(.ARM.exidx.text.LL_AHB1_GRP1_EnableClock), (8 bytes).
    Removing main.o(.ARM.use_no_argv), (4 bytes).
    Removing stm32f0xx_it.o(.text), (0 bytes).
    Removing stm32f0xx_it.o(.ARM.exidx.text.NMI_Handler), (8 bytes).
    Removing stm32f0xx_it.o(.ARM.exidx.text.HardFault_Handler), (8 bytes).
    Removing stm32f0xx_it.o(.ARM.exidx.text.SVC_Handler), (8 bytes).
    Removing stm32f0xx_it.o(.ARM.exidx.text.PendSV_Handler), (8 bytes).
    Removing stm32f0xx_it.o(.ARM.exidx.text.SysTick_Handler), (8 bytes).
    Removing stm32f0xx_it.o(.ARM.exidx.text.EXTI2_3_IRQHandler), (8 bytes).
    Removing stm32f0xx_it.o(.ARM.exidx.text.DMA1_Channel2_3_IRQHandler), (8 bytes).
    Removing stm32f0xx_it.o(.ARM.exidx.text.TIM1_BRK_UP_TRG_COM_IRQHandler), (8 bytes).
    Removing kombo_nrf24.o(.text), (0 bytes).
    Removing kombo_nrf24.o(.text.interrupt_off), (8 bytes).
    Removing kombo_nrf24.o(.ARM.exidx.text.interrupt_off), (8 bytes).
    Removing kombo_nrf24.o(.text.interrupt_on), (4 bytes).
    Removing kombo_nrf24.o(.ARM.exidx.text.interrupt_on), (8 bytes).
    Removing kombo_nrf24.o(.ARM.exidx.text.uni_delay_us), (8 bytes).
    Removing kombo_nrf24.o(.ARM.exidx.text.nrf24_read_reg), (8 bytes).
    Removing kombo_nrf24.o(.ARM.exidx.text.nrf24_write_reg), (8 bytes).
    Removing kombo_nrf24.o(.ARM.exidx.text.nrf24_toggle_features), (8 bytes).
    Removing kombo_nrf24.o(.ARM.exidx.text.nrf24_read_buf), (8 bytes).
    Removing kombo_nrf24.o(.ARM.exidx.text.nrf24_write_buf), (8 bytes).
    Removing kombo_nrf24.o(.ARM.exidx.text.nrf24_flush_rx), (8 bytes).
    Removing kombo_nrf24.o(.ARM.exidx.text.nrf24_flush_tx), (8 bytes).
    Removing kombo_nrf24.o(.ARM.exidx.text.nrf24_rx_mode), (8 bytes).
    Removing kombo_nrf24.o(.ARM.exidx.text.nrf24_tx_mode), (8 bytes).
    Removing kombo_nrf24.o(.ARM.exidx.text.nrf24_transmit), (8 bytes).
    Removing kombo_nrf24.o(.ARM.exidx.text.nrf24_send), (8 bytes).
    Removing kombo_nrf24.o(.text.nrf24_pins_init), (2 bytes).
    Removing kombo_nrf24.o(.ARM.exidx.text.nrf24_pins_init), (8 bytes).
    Removing kombo_nrf24.o(.ARM.exidx.text.nrf24_init), (8 bytes).
    Removing kombo_nrf24.o(.ARM.exidx.text.irq_callback), (8 bytes).
    Removing spi.o(.text), (0 bytes).
    Removing spi.o(.text.spi_init), (16 bytes).
    Removing spi.o(.ARM.exidx.text.spi_init), (8 bytes).
    Removing spi.o(.ARM.exidx.text.spi_send_byte), (8 bytes).
    Removing spi.o(.ARM.exidx.text.spi_change_byte), (8 bytes).
    Removing ws2812.o(.text), (0 bytes).
    Removing ws2812.o(.ARM.exidx.text.led_fill_buffer), (8 bytes).
    Removing ws2812.o(.ARM.exidx.text.led_update), (8 bytes).
    Removing ws2812.o(.ARM.exidx.text.blink_leds), (8 bytes).
    Removing ws2812.o(.ARM.exidx.text.led_wheel), (8 bytes).
    Removing ws2812.o(.ARM.exidx.text.rainbow), (8 bytes).
    Removing ws2812.o(.ARM.exidx.text.green_run), (8 bytes).
    Removing ws2812.o(.ARM.exidx.text.red_run), (8 bytes).
    Removing ws2812.o(.ARM.exidx.text.blue_run), (8 bytes).
    Removing ws2812.o(.ARM.exidx.text.red_blue_run), (8 bytes).
    Removing ws2812.o(.ARM.exidx.text.red_green_run), (8 bytes).
    Removing ws2812.o(.ARM.exidx.text.blue_green_run), (8 bytes).
    Removing ws2812.o(.ARM.exidx.text.random_noise), (8 bytes).
    Removing stm32f0xx_ll_gpio.o(.text), (0 bytes).
    Removing stm32f0xx_ll_gpio.o(.text.LL_GPIO_DeInit), (108 bytes).
    Removing stm32f0xx_ll_gpio.o(.ARM.exidx.text.LL_GPIO_DeInit), (8 bytes).
    Removing stm32f0xx_ll_gpio.o(.ARM.exidx.text.LL_GPIO_Init), (8 bytes).
    Removing stm32f0xx_ll_gpio.o(.text.LL_GPIO_StructInit), (24 bytes).
    Removing stm32f0xx_ll_gpio.o(.ARM.exidx.text.LL_GPIO_StructInit), (8 bytes).
    Removing stm32f0xx_ll_dma.o(.text), (0 bytes).
    Removing stm32f0xx_ll_dma.o(.text.LL_DMA_DeInit), (124 bytes).
    Removing stm32f0xx_ll_dma.o(.ARM.exidx.text.LL_DMA_DeInit), (8 bytes).
    Removing stm32f0xx_ll_dma.o(.text.LL_DMA_Init), (88 bytes).
    Removing stm32f0xx_ll_dma.o(.ARM.exidx.text.LL_DMA_Init), (8 bytes).
    Removing stm32f0xx_ll_dma.o(.text.LL_DMA_StructInit), (10 bytes).
    Removing stm32f0xx_ll_dma.o(.ARM.exidx.text.LL_DMA_StructInit), (8 bytes).
    Removing stm32f0xx_ll_rcc.o(.text), (0 bytes).
    Removing stm32f0xx_ll_rcc.o(.text.LL_RCC_DeInit), (148 bytes).
    Removing stm32f0xx_ll_rcc.o(.ARM.exidx.text.LL_RCC_DeInit), (8 bytes).
    Removing stm32f0xx_ll_rcc.o(.text.LL_RCC_GetSystemClocksFreq), (56 bytes).
    Removing stm32f0xx_ll_rcc.o(.ARM.exidx.text.LL_RCC_GetSystemClocksFreq), (8 bytes).
    Removing stm32f0xx_ll_rcc.o(.text.RCC_GetSystemClockFreq), (32 bytes).
    Removing stm32f0xx_ll_rcc.o(.ARM.exidx.text.RCC_GetSystemClockFreq), (8 bytes).
    Removing stm32f0xx_ll_rcc.o(.text.RCC_GetHCLKClockFreq), (24 bytes).
    Removing stm32f0xx_ll_rcc.o(.ARM.exidx.text.RCC_GetHCLKClockFreq), (8 bytes).
    Removing stm32f0xx_ll_rcc.o(.text.RCC_GetPCLK1ClockFreq), (24 bytes).
    Removing stm32f0xx_ll_rcc.o(.ARM.exidx.text.RCC_GetPCLK1ClockFreq), (8 bytes).
    Removing stm32f0xx_ll_rcc.o(.text.LL_RCC_GetUSARTClockFreq), (104 bytes).
    Removing stm32f0xx_ll_rcc.o(.ARM.exidx.text.LL_RCC_GetUSARTClockFreq), (8 bytes).
    Removing stm32f0xx_ll_rcc.o(.text.LL_RCC_GetI2CClockFreq), (44 bytes).
    Removing stm32f0xx_ll_rcc.o(.ARM.exidx.text.LL_RCC_GetI2CClockFreq), (8 bytes).
    Removing stm32f0xx_ll_rcc.o(.text.RCC_PLL_GetFreqDomain_SYS), (52 bytes).
    Removing stm32f0xx_ll_rcc.o(.ARM.exidx.text.RCC_PLL_GetFreqDomain_SYS), (8 bytes).
    Removing stm32f0xx_ll_utils.o(.text), (0 bytes).
    Removing stm32f0xx_ll_utils.o(.ARM.exidx.text.LL_Init1msTick), (8 bytes).
    Removing stm32f0xx_ll_utils.o(.ARM.exidx.text.LL_mDelay), (8 bytes).
    Removing stm32f0xx_ll_utils.o(.ARM.exidx.text.LL_SetSystemCoreClock), (8 bytes).
    Removing stm32f0xx_ll_utils.o(.text.LL_SetFlashLatency), (72 bytes).
    Removing stm32f0xx_ll_utils.o(.ARM.exidx.text.LL_SetFlashLatency), (8 bytes).
    Removing stm32f0xx_ll_utils.o(.text.LL_PLL_ConfigSystemClock_HSI), (88 bytes).
    Removing stm32f0xx_ll_utils.o(.ARM.exidx.text.LL_PLL_ConfigSystemClock_HSI), (8 bytes).
    Removing stm32f0xx_ll_utils.o(.text.UTILS_EnablePLLAndSwitchSystem), (152 bytes).
    Removing stm32f0xx_ll_utils.o(.ARM.exidx.text.UTILS_EnablePLLAndSwitchSystem), (8 bytes).
    Removing stm32f0xx_ll_utils.o(.text.LL_PLL_ConfigSystemClock_HSE), (128 bytes).
    Removing stm32f0xx_ll_utils.o(.ARM.exidx.text.LL_PLL_ConfigSystemClock_HSE), (8 bytes).
    Removing stm32f0xx_ll_exti.o(.text), (0 bytes).
    Removing stm32f0xx_ll_exti.o(.text.LL_EXTI_DeInit), (36 bytes).
    Removing stm32f0xx_ll_exti.o(.ARM.exidx.text.LL_EXTI_DeInit), (8 bytes).
    Removing stm32f0xx_ll_exti.o(.ARM.exidx.text.LL_EXTI_Init), (8 bytes).
    Removing stm32f0xx_ll_exti.o(.text.LL_EXTI_StructInit), (12 bytes).
    Removing stm32f0xx_ll_exti.o(.ARM.exidx.text.LL_EXTI_StructInit), (8 bytes).
    Removing stm32f0xx_ll_spi.o(.text), (0 bytes).
    Removing stm32f0xx_ll_spi.o(.text.LL_SPI_DeInit), (40 bytes).
    Removing stm32f0xx_ll_spi.o(.ARM.exidx.text.LL_SPI_DeInit), (8 bytes).
    Removing stm32f0xx_ll_spi.o(.ARM.exidx.text.LL_SPI_Init), (8 bytes).
    Removing stm32f0xx_ll_spi.o(.text.LL_SPI_StructInit), (30 bytes).
    Removing stm32f0xx_ll_spi.o(.ARM.exidx.text.LL_SPI_StructInit), (8 bytes).
    Removing stm32f0xx_ll_pwr.o(.text), (0 bytes).
    Removing stm32f0xx_ll_pwr.o(.text.LL_PWR_DeInit), (28 bytes).
    Removing stm32f0xx_ll_pwr.o(.ARM.exidx.text.LL_PWR_DeInit), (8 bytes).
    Removing stm32f0xx_ll_tim.o(.text), (0 bytes).
    Removing stm32f0xx_ll_tim.o(.text.LL_TIM_DeInit), (132 bytes).
    Removing stm32f0xx_ll_tim.o(.ARM.exidx.text.LL_TIM_DeInit), (8 bytes).
    Removing stm32f0xx_ll_tim.o(.text.LL_TIM_StructInit), (16 bytes).
    Removing stm32f0xx_ll_tim.o(.ARM.exidx.text.LL_TIM_StructInit), (8 bytes).
    Removing stm32f0xx_ll_tim.o(.ARM.exidx.text.LL_TIM_Init), (8 bytes).
    Removing stm32f0xx_ll_tim.o(.text.LL_TIM_OC_StructInit), (10 bytes).
    Removing stm32f0xx_ll_tim.o(.ARM.exidx.text.LL_TIM_OC_StructInit), (8 bytes).
    Removing stm32f0xx_ll_tim.o(.ARM.exidx.text.LL_TIM_OC_Init), (8 bytes).
    Removing stm32f0xx_ll_tim.o(.text.LL_TIM_IC_StructInit), (14 bytes).
    Removing stm32f0xx_ll_tim.o(.ARM.exidx.text.LL_TIM_IC_StructInit), (8 bytes).
    Removing stm32f0xx_ll_tim.o(.text.LL_TIM_IC_Init), (220 bytes).
    Removing stm32f0xx_ll_tim.o(.ARM.exidx.text.LL_TIM_IC_Init), (8 bytes).
    Removing stm32f0xx_ll_tim.o(.text.LL_TIM_ENCODER_StructInit), (26 bytes).
    Removing stm32f0xx_ll_tim.o(.ARM.exidx.text.LL_TIM_ENCODER_StructInit), (8 bytes).
    Removing stm32f0xx_ll_tim.o(.text.LL_TIM_ENCODER_Init), (92 bytes).
    Removing stm32f0xx_ll_tim.o(.ARM.exidx.text.LL_TIM_ENCODER_Init), (8 bytes).
    Removing stm32f0xx_ll_tim.o(.text.LL_TIM_HALLSENSOR_StructInit), (12 bytes).
    Removing stm32f0xx_ll_tim.o(.ARM.exidx.text.LL_TIM_HALLSENSOR_StructInit), (8 bytes).
    Removing stm32f0xx_ll_tim.o(.text.LL_TIM_HALLSENSOR_Init), (88 bytes).
    Removing stm32f0xx_ll_tim.o(.ARM.exidx.text.LL_TIM_HALLSENSOR_Init), (8 bytes).
    Removing stm32f0xx_ll_tim.o(.text.LL_TIM_BDTR_StructInit), (18 bytes).
    Removing stm32f0xx_ll_tim.o(.ARM.exidx.text.LL_TIM_BDTR_StructInit), (8 bytes).
    Removing stm32f0xx_ll_tim.o(.text.LL_TIM_BDTR_Init), (64 bytes).
    Removing stm32f0xx_ll_tim.o(.ARM.exidx.text.LL_TIM_BDTR_Init), (8 bytes).
    Removing system_stm32f0xx.o(.text), (0 bytes).
    Removing system_stm32f0xx.o(.ARM.exidx.text.SystemInit), (8 bytes).
    Removing system_stm32f0xx.o(.text.SystemCoreClockUpdate), (92 bytes).
    Removing system_stm32f0xx.o(.ARM.exidx.text.SystemCoreClockUpdate), (8 bytes).
    Removing system_stm32f0xx.o(.rodata.AHBPrescTable), (16 bytes).
    Removing system_stm32f0xx.o(.rodata.APBPrescTable), (8 bytes).

147 unused section(s) (total 3002 bytes) removed from the image.

==============================================================================

Image Symbol Table

    Local Symbols

    Symbol Name                              Value     Ov Type        Size  Object(Section)

    ../clib/angel/boardlib.s                 0x00000000   Number         0  boardinit1.o ABSOLUTE
    ../clib/angel/boardlib.s                 0x00000000   Number         0  boardinit2.o ABSOLUTE
    ../clib/angel/boardlib.s                 0x00000000   Number         0  boardinit3.o ABSOLUTE
    ../clib/angel/boardlib.s                 0x00000000   Number         0  boardshut.o ABSOLUTE
    ../clib/angel/handlers.s                 0x00000000   Number         0  __scatter_copy.o ABSOLUTE
    ../clib/angel/handlers.s                 0x00000000   Number         0  __scatter_zi.o ABSOLUTE
    ../clib/angel/kernel.s                   0x00000000   Number         0  __rtentry.o ABSOLUTE
    ../clib/angel/kernel.s                   0x00000000   Number         0  __rtentry2.o ABSOLUTE
    ../clib/angel/kernel.s                   0x00000000   Number         0  __rtentry4.o ABSOLUTE
    ../clib/angel/kernel.s                   0x00000000   Number         0  rtexit.o ABSOLUTE
    ../clib/angel/kernel.s                   0x00000000   Number         0  rtexit2.o ABSOLUTE
    ../clib/angel/rt.s                       0x00000000   Number         0  aeabi_idiv0.o ABSOLUTE
    ../clib/angel/rt.s                       0x00000000   Number         0  aeabi_idiv0_sigfpe.o ABSOLUTE
    ../clib/angel/rt.s                       0x00000000   Number         0  rt_div0.o ABSOLUTE
    ../clib/angel/rt.s                       0x00000000   Number         0  rt_raise.o ABSOLUTE
    ../clib/angel/scatterp.s                 0x00000000   Number         0  __scatter.o ABSOLUTE
    ../clib/angel/startup.s                  0x00000000   Number         0  __main.o ABSOLUTE
    ../clib/angel/sys.s                      0x00000000   Number         0  sys_stackheap_outer.o ABSOLUTE
    ../clib/angel/sys.s                      0x00000000   Number         0  libspace.o ABSOLUTE
    ../clib/angel/sys.s                      0x00000000   Number         0  tempstk.o ABSOLUTE
    ../clib/angel/sys.s                      0x00000000   Number         0  use_no_semi.o ABSOLUTE
    ../clib/angel/sys.s                      0x00000000   Number         0  indicate_semi.o ABSOLUTE
    ../clib/angel/sysapp.c                   0x00000000   Number         0  sys_command.o ABSOLUTE
    ../clib/angel/sysapp.c                   0x00000000   Number         0  sys_command_hlt.o ABSOLUTE
    ../clib/angel/sysapp.c                   0x00000000   Number         0  sys_exit.o ABSOLUTE
    ../clib/angel/sysapp.c                   0x00000000   Number         0  sys_exit_hlt.o ABSOLUTE
    ../clib/angel/sysapp.c                   0x00000000   Number         0  sys_wrch.o ABSOLUTE
    ../clib/angel/sysapp.c                   0x00000000   Number         0  sys_wrch_hlt.o ABSOLUTE
    ../clib/armsys.c                         0x00000000   Number         0  argv_veneer.o ABSOLUTE
    ../clib/armsys.c                         0x00000000   Number         0  _get_argv_nomalloc.o ABSOLUTE
    ../clib/armsys.c                         0x00000000   Number         0  no_argv.o ABSOLUTE
    ../clib/division.s                       0x00000000   Number         0  aeabi_sdiv.o ABSOLUTE
    ../clib/division.s                       0x00000000   Number         0  aeabi_sdiv_div0.o ABSOLUTE
    ../clib/heapalloc.c                      0x00000000   Number         0  hrguard.o ABSOLUTE
    ../clib/heapaux.c                        0x00000000   Number         0  heapauxi.o ABSOLUTE
    ../clib/libinit.s                        0x00000000   Number         0  libinit2.o ABSOLUTE
    ../clib/libinit.s                        0x00000000   Number         0  libinit.o ABSOLUTE
    ../clib/libinit.s                        0x00000000   Number         0  libshutdown.o ABSOLUTE
    ../clib/libinit.s                        0x00000000   Number         0  libshutdown2.o ABSOLUTE
    ../clib/memcpset.c                       0x00000000   Number         0  rt_memclr.o ABSOLUTE
    ../clib/signal.c                         0x00000000   Number         0  defsig_fpe_outer.o ABSOLUTE
    ../clib/signal.c                         0x00000000   Number         0  defsig_fpe_formal.o ABSOLUTE
    ../clib/signal.c                         0x00000000   Number         0  defsig_exit.o ABSOLUTE
    ../clib/signal.c                         0x00000000   Number         0  defsig_fpe_inner.o ABSOLUTE
    ../clib/signal.c                         0x00000000   Number         0  defsig_rtmem_outer.o ABSOLUTE
    ../clib/signal.c                         0x00000000   Number         0  defsig_rtmem_formal.o ABSOLUTE
    ../clib/signal.c                         0x00000000   Number         0  __raise.o ABSOLUTE
    ../clib/signal.c                         0x00000000   Number         0  defsig_general.o ABSOLUTE
    ../clib/signal.c                         0x00000000   Number         0  defsig_rtmem_inner.o ABSOLUTE
    ../clib/signal.c                         0x00000000   Number         0  defsig_abrt_inner.o ABSOLUTE
    ../clib/signal.c                         0x00000000   Number         0  defsig_rtred_inner.o ABSOLUTE
    ../clib/signal.c                         0x00000000   Number         0  defsig_stak_inner.o ABSOLUTE
    ../clib/signal.c                         0x00000000   Number         0  defsig_pvfn_inner.o ABSOLUTE
    ../clib/signal.c                         0x00000000   Number         0  defsig_cppl_inner.o ABSOLUTE
    ../clib/signal.c                         0x00000000   Number         0  defsig_segv_inner.o ABSOLUTE
    ../clib/signal.c                         0x00000000   Number         0  defsig_other.o ABSOLUTE
    ../clib/signal.s                         0x00000000   Number         0  defsig.o ABSOLUTE
    ../clib/stdlib.c                         0x00000000   Number         0  rand.o ABSOLUTE
    ../clib/stdlib.c                         0x00000000   Number         0  rand.o ABSOLUTE
    ../clib/stdlib.c                         0x00000000   Number         0  exit.o ABSOLUTE
    ../fplib/cfplib/fpinit.c                 0x00000000   Number         0  fpinit.o ABSOLUTE
    dc.s                                     0x00000000   Number         0  dc.o ABSOLUTE
    kombo_nrf24.c                            0x00000000   Number         0  kombo_nrf24.o ABSOLUTE
    main.c                                   0x00000000   Number         0  main.o ABSOLUTE
    spi.c                                    0x00000000   Number         0  spi.o ABSOLUTE
    startup_stm32f030x6.s                    0x00000000   Number         0  startup_stm32f030x6.o ABSOLUTE
    stm32f0xx_it.c                           0x00000000   Number         0  stm32f0xx_it.o ABSOLUTE
    stm32f0xx_ll_dma.c                       0x00000000   Number         0  stm32f0xx_ll_dma.o ABSOLUTE
    stm32f0xx_ll_exti.c                      0x00000000   Number         0  stm32f0xx_ll_exti.o ABSOLUTE
    stm32f0xx_ll_gpio.c                      0x00000000   Number         0  stm32f0xx_ll_gpio.o ABSOLUTE
    stm32f0xx_ll_pwr.c                       0x00000000   Number         0  stm32f0xx_ll_pwr.o ABSOLUTE
    stm32f0xx_ll_rcc.c                       0x00000000   Number         0  stm32f0xx_ll_rcc.o ABSOLUTE
    stm32f0xx_ll_spi.c                       0x00000000   Number         0  stm32f0xx_ll_spi.o ABSOLUTE
    stm32f0xx_ll_tim.c                       0x00000000   Number         0  stm32f0xx_ll_tim.o ABSOLUTE
    stm32f0xx_ll_utils.c                     0x00000000   Number         0  stm32f0xx_ll_utils.o ABSOLUTE
    system_stm32f0xx.c                       0x00000000   Number         0  system_stm32f0xx.o ABSOLUTE
    ws2812.c                                 0x00000000   Number         0  ws2812.o ABSOLUTE
    RESET                                    0x08000000   Section      176  startup_stm32f030x6.o(RESET)
    !!!main                                  0x080000b0   Section        8  __main.o(!!!main)
    !!!scatter                               0x080000b8   Section       60  __scatter.o(!!!scatter)
    !!handler_copy                           0x080000f4   Section       26  __scatter_copy.o(!!handler_copy)
    !!handler_zi                             0x08000110   Section       28  __scatter_zi.o(!!handler_zi)
    .ARM.Collect$$libinit$$00000000          0x0800012c   Section        2  libinit.o(.ARM.Collect$$libinit$$00000000)
    .ARM.Collect$$libinit$$00000002          0x0800012e   Section        0  libinit2.o(.ARM.Collect$$libinit$$00000002)
    .ARM.Collect$$libinit$$00000004          0x0800012e   Section        0  libinit2.o(.ARM.Collect$$libinit$$00000004)
    .ARM.Collect$$libinit$$00000006          0x0800012e   Section        0  libinit2.o(.ARM.Collect$$libinit$$00000006)
    .ARM.Collect$$libinit$$0000000C          0x0800012e   Section        0  libinit2.o(.ARM.Collect$$libinit$$0000000C)
    .ARM.Collect$$libinit$$0000000E          0x0800012e   Section        0  libinit2.o(.ARM.Collect$$libinit$$0000000E)
    .ARM.Collect$$libinit$$0000000F          0x0800012e   Section        4  libinit2.o(.ARM.Collect$$libinit$$0000000F)
    .ARM.Collect$$libinit$$00000010          0x08000132   Section        0  libinit2.o(.ARM.Collect$$libinit$$00000010)
    .ARM.Collect$$libinit$$00000013          0x08000132   Section        0  libinit2.o(.ARM.Collect$$libinit$$00000013)
    .ARM.Collect$$libinit$$00000015          0x08000132   Section        0  libinit2.o(.ARM.Collect$$libinit$$00000015)
    .ARM.Collect$$libinit$$00000017          0x08000132   Section        0  libinit2.o(.ARM.Collect$$libinit$$00000017)
    .ARM.Collect$$libinit$$00000019          0x08000132   Section        0  libinit2.o(.ARM.Collect$$libinit$$00000019)
    .ARM.Collect$$libinit$$0000001B          0x08000132   Section        0  libinit2.o(.ARM.Collect$$libinit$$0000001B)
    .ARM.Collect$$libinit$$0000001D          0x08000132   Section        0  libinit2.o(.ARM.Collect$$libinit$$0000001D)
    .ARM.Collect$$libinit$$0000001F          0x08000132   Section        0  libinit2.o(.ARM.Collect$$libinit$$0000001F)
    .ARM.Collect$$libinit$$00000021          0x08000132   Section        0  libinit2.o(.ARM.Collect$$libinit$$00000021)
    .ARM.Collect$$libinit$$00000023          0x08000132   Section        0  libinit2.o(.ARM.Collect$$libinit$$00000023)
    .ARM.Collect$$libinit$$00000025          0x08000132   Section        0  libinit2.o(.ARM.Collect$$libinit$$00000025)
    .ARM.Collect$$libinit$$00000027          0x08000132   Section        0  libinit2.o(.ARM.Collect$$libinit$$00000027)
    .ARM.Collect$$libinit$$0000002E          0x08000132   Section        0  libinit2.o(.ARM.Collect$$libinit$$0000002E)
    .ARM.Collect$$libinit$$00000030          0x08000132   Section        0  libinit2.o(.ARM.Collect$$libinit$$00000030)
    .ARM.Collect$$libinit$$00000032          0x08000132   Section        0  libinit2.o(.ARM.Collect$$libinit$$00000032)
    .ARM.Collect$$libinit$$00000034          0x08000132   Section        0  libinit2.o(.ARM.Collect$$libinit$$00000034)
    .ARM.Collect$$libinit$$00000035          0x08000132   Section        2  libinit2.o(.ARM.Collect$$libinit$$00000035)
    .ARM.Collect$$libshutdown$$00000000      0x08000134   Section        2  libshutdown.o(.ARM.Collect$$libshutdown$$00000000)
    .ARM.Collect$$libshutdown$$00000002      0x08000136   Section        0  libshutdown2.o(.ARM.Collect$$libshutdown$$00000002)
    .ARM.Collect$$libshutdown$$00000004      0x08000136   Section        0  libshutdown2.o(.ARM.Collect$$libshutdown$$00000004)
    .ARM.Collect$$libshutdown$$00000007      0x08000136   Section        0  libshutdown2.o(.ARM.Collect$$libshutdown$$00000007)
    .ARM.Collect$$libshutdown$$0000000A      0x08000136   Section        0  libshutdown2.o(.ARM.Collect$$libshutdown$$0000000A)
    .ARM.Collect$$libshutdown$$0000000C      0x08000136   Section        0  libshutdown2.o(.ARM.Collect$$libshutdown$$0000000C)
    .ARM.Collect$$libshutdown$$0000000F      0x08000136   Section        0  libshutdown2.o(.ARM.Collect$$libshutdown$$0000000F)
    .ARM.Collect$$libshutdown$$00000010      0x08000136   Section        2  libshutdown2.o(.ARM.Collect$$libshutdown$$00000010)
    .ARM.Collect$$rtentry$$00000000          0x08000138   Section        0  __rtentry.o(.ARM.Collect$$rtentry$$00000000)
    .ARM.Collect$$rtentry$$00000002          0x08000138   Section        0  __rtentry2.o(.ARM.Collect$$rtentry$$00000002)
    .ARM.Collect$$rtentry$$00000004          0x08000138   Section        6  __rtentry4.o(.ARM.Collect$$rtentry$$00000004)
    .ARM.Collect$$rtentry$$00000009          0x0800013e   Section        0  __rtentry2.o(.ARM.Collect$$rtentry$$00000009)
    .ARM.Collect$$rtentry$$0000000A          0x0800013e   Section        4  __rtentry2.o(.ARM.Collect$$rtentry$$0000000A)
    .ARM.Collect$$rtentry$$0000000C          0x08000142   Section        0  __rtentry2.o(.ARM.Collect$$rtentry$$0000000C)
    .ARM.Collect$$rtentry$$0000000D          0x08000142   Section        8  __rtentry2.o(.ARM.Collect$$rtentry$$0000000D)
    .ARM.Collect$$rtexit$$00000000           0x0800014a   Section        2  rtexit.o(.ARM.Collect$$rtexit$$00000000)
    .ARM.Collect$$rtexit$$00000002           0x0800014c   Section        0  rtexit2.o(.ARM.Collect$$rtexit$$00000002)
    .ARM.Collect$$rtexit$$00000003           0x0800014c   Section        4  rtexit2.o(.ARM.Collect$$rtexit$$00000003)
    .ARM.Collect$$rtexit$$00000004           0x08000150   Section        6  rtexit2.o(.ARM.Collect$$rtexit$$00000004)
    .emb_text                                0x08000158   Section       56  rand.o(.emb_text)
    .text                                    0x08000190   Section       56  startup_stm32f030x6.o(.text)
    .text                                    0x080001c8   Section        0  rand.o(.text)
    .text                                    0x08000204   Section        0  rt_memclr.o(.text)
    .text                                    0x08000244   Section      364  aeabi_sdiv.o(.text)
    .text                                    0x080003b0   Section        0  heapauxi.o(.text)
    .text                                    0x080003b6   Section       62  sys_stackheap_outer.o(.text)
    .text                                    0x080003f4   Section        0  exit.o(.text)
    .text                                    0x08000404   Section        8  libspace.o(.text)
    .text                                    0x0800040c   Section        0  sys_exit.o(.text)
    .text                                    0x08000418   Section        2  use_no_semi.o(.text)
    .text                                    0x0800041a   Section        0  indicate_semi.o(.text)
    [Anonymous Symbol]                       0x0800041c   Section        0  stm32f0xx_it.o(.text.DMA1_Channel2_3_IRQHandler)
    __arm_cp.6_0                             0x08000460   Number         4  stm32f0xx_it.o(.text.DMA1_Channel2_3_IRQHandler)
    __arm_cp.6_1                             0x08000464   Number         4  stm32f0xx_it.o(.text.DMA1_Channel2_3_IRQHandler)
    [Anonymous Symbol]                       0x08000468   Section        0  stm32f0xx_it.o(.text.EXTI2_3_IRQHandler)
    __arm_cp.5_0                             0x0800047c   Number         4  stm32f0xx_it.o(.text.EXTI2_3_IRQHandler)
    [Anonymous Symbol]                       0x08000480   Section        0  stm32f0xx_it.o(.text.HardFault_Handler)
    LL_AHB1_GRP1_EnableClock                 0x08000485   Thumb Code    24  main.o(.text.LL_AHB1_GRP1_EnableClock)
    [Anonymous Symbol]                       0x08000484   Section        0  main.o(.text.LL_AHB1_GRP1_EnableClock)
    __arm_cp.7_0                             0x0800049c   Number         4  main.o(.text.LL_AHB1_GRP1_EnableClock)
    LL_APB1_GRP1_EnableClock                 0x080004a1   Thumb Code    24  main.o(.text.LL_APB1_GRP1_EnableClock)
    [Anonymous Symbol]                       0x080004a0   Section        0  main.o(.text.LL_APB1_GRP1_EnableClock)
    __arm_cp.4_0                             0x080004b8   Number         4  main.o(.text.LL_APB1_GRP1_EnableClock)
    LL_APB1_GRP2_EnableClock                 0x080004bd   Thumb Code    24  main.o(.text.LL_APB1_GRP2_EnableClock)
    [Anonymous Symbol]                       0x080004bc   Section        0  main.o(.text.LL_APB1_GRP2_EnableClock)
    __arm_cp.3_0                             0x080004d4   Number         4  main.o(.text.LL_APB1_GRP2_EnableClock)
    [Anonymous Symbol]                       0x080004d8   Section        0  stm32f0xx_ll_exti.o(.text.LL_EXTI_Init)
    __arm_cp.1_0                             0x0800056c   Number         4  stm32f0xx_ll_exti.o(.text.LL_EXTI_Init)
    [Anonymous Symbol]                       0x08000570   Section        0  stm32f0xx_ll_gpio.o(.text.LL_GPIO_Init)
    [Anonymous Symbol]                       0x08000618   Section        0  stm32f0xx_ll_utils.o(.text.LL_Init1msTick)
    [Anonymous Symbol]                       0x08000634   Section        0  stm32f0xx_ll_spi.o(.text.LL_SPI_Init)
    __arm_cp.1_0                             0x08000698   Number         4  stm32f0xx_ll_spi.o(.text.LL_SPI_Init)
    __arm_cp.1_1                             0x0800069c   Number         4  stm32f0xx_ll_spi.o(.text.LL_SPI_Init)
    [Anonymous Symbol]                       0x080006a0   Section        0  stm32f0xx_ll_utils.o(.text.LL_SetSystemCoreClock)
    __arm_cp.2_0                             0x080006a8   Number         4  stm32f0xx_ll_utils.o(.text.LL_SetSystemCoreClock)
    [Anonymous Symbol]                       0x080006ac   Section        0  stm32f0xx_ll_tim.o(.text.LL_TIM_Init)
    __arm_cp.2_1                             0x08000720   Number         4  stm32f0xx_ll_tim.o(.text.LL_TIM_Init)
    __arm_cp.2_2                             0x08000724   Number         4  stm32f0xx_ll_tim.o(.text.LL_TIM_Init)
    [Anonymous Symbol]                       0x08000728   Section        0  stm32f0xx_ll_tim.o(.text.LL_TIM_OC_Init)
    __arm_cp.4_0                             0x08000924   Number         4  stm32f0xx_ll_tim.o(.text.LL_TIM_OC_Init)
    __arm_cp.4_1                             0x08000928   Number         4  stm32f0xx_ll_tim.o(.text.LL_TIM_OC_Init)
    __arm_cp.4_2                             0x0800092c   Number         4  stm32f0xx_ll_tim.o(.text.LL_TIM_OC_Init)
    __arm_cp.4_3                             0x08000930   Number         4  stm32f0xx_ll_tim.o(.text.LL_TIM_OC_Init)
    __arm_cp.4_4                             0x08000934   Number         4  stm32f0xx_ll_tim.o(.text.LL_TIM_OC_Init)
    __arm_cp.4_5                             0x08000938   Number         4  stm32f0xx_ll_tim.o(.text.LL_TIM_OC_Init)
    [Anonymous Symbol]                       0x0800093c   Section        0  stm32f0xx_ll_utils.o(.text.LL_mDelay)
    __arm_cp.1_0                             0x08000960   Number         4  stm32f0xx_ll_utils.o(.text.LL_mDelay)
    [Anonymous Symbol]                       0x08000964   Section        0  stm32f0xx_it.o(.text.NMI_Handler)
    [Anonymous Symbol]                       0x08000966   Section        0  stm32f0xx_it.o(.text.PendSV_Handler)
    [Anonymous Symbol]                       0x08000968   Section        0  stm32f0xx_it.o(.text.SVC_Handler)
    [Anonymous Symbol]                       0x0800096a   Section        0  stm32f0xx_it.o(.text.SysTick_Handler)
    [Anonymous Symbol]                       0x0800096c   Section        0  main.o(.text.SystemClock_Config)
    __arm_cp.5_0                             0x08000a00   Number         4  main.o(.text.SystemClock_Config)
    __arm_cp.5_1                             0x08000a04   Number         4  main.o(.text.SystemClock_Config)
    __arm_cp.5_2                             0x08000a08   Number         4  main.o(.text.SystemClock_Config)
    [Anonymous Symbol]                       0x08000a0c   Section        0  system_stm32f0xx.o(.text.SystemInit)
    [Anonymous Symbol]                       0x08000a0e   Section        0  stm32f0xx_it.o(.text.TIM1_BRK_UP_TRG_COM_IRQHandler)
    [Anonymous Symbol]                       0x08000a18   Section        0  main.o(.text.TIM1_callback)
    __arm_cp.0_0                             0x08000a30   Number         4  main.o(.text.TIM1_callback)
    __arm_cp.0_1                             0x08000a34   Number         4  main.o(.text.TIM1_callback)
    [Anonymous Symbol]                       0x08000a38   Section        0  ws2812.o(.text.blink_leds)
    __arm_cp.2_1                             0x08000a6c   Number         4  ws2812.o(.text.blink_leds)
    [Anonymous Symbol]                       0x08000a70   Section        0  ws2812.o(.text.blue_green_run)
    [Anonymous Symbol]                       0x08000af4   Section        0  ws2812.o(.text.blue_run)
    [Anonymous Symbol]                       0x08000b34   Section        0  ws2812.o(.text.green_run)
    [Anonymous Symbol]                       0x08000b74   Section        0  kombo_nrf24.o(.text.irq_callback)
    __arm_cp.16_0                            0x08000bd8   Number         4  kombo_nrf24.o(.text.irq_callback)
    [Anonymous Symbol]                       0x08000bdc   Section        0  ws2812.o(.text.led_fill_buffer)
    [Anonymous Symbol]                       0x08000c38   Section        0  ws2812.o(.text.led_update)
    __arm_cp.1_0                             0x08000c80   Number         4  ws2812.o(.text.led_update)
    __arm_cp.1_1                             0x08000c84   Number         4  ws2812.o(.text.led_update)
    __arm_cp.1_2                             0x08000c88   Number         4  ws2812.o(.text.led_update)
    __arm_cp.1_3                             0x08000c8c   Number         4  ws2812.o(.text.led_update)
    __arm_cp.1_4                             0x08000c90   Number         4  ws2812.o(.text.led_update)
    [Anonymous Symbol]                       0x08000c94   Section        0  ws2812.o(.text.led_wheel)
    __arm_cp.3_0                             0x08000ce4   Number         4  ws2812.o(.text.led_wheel)
    __arm_cp.3_1                             0x08000ce8   Number         4  ws2812.o(.text.led_wheel)
    [Anonymous Symbol]                       0x08000cec   Section        0  main.o(.text.main)
    __arm_cp.2_0                             0x080010e0   Number         4  main.o(.text.main)
    __arm_cp.2_1                             0x080010e4   Number         4  main.o(.text.main)
    __arm_cp.2_2                             0x080010e8   Number         4  main.o(.text.main)
    __arm_cp.2_3                             0x080010ec   Number         4  main.o(.text.main)
    __arm_cp.2_4                             0x080010f0   Number         4  main.o(.text.main)
    __arm_cp.2_5                             0x080010f4   Number         4  main.o(.text.main)
    __arm_cp.2_6                             0x080010f8   Number         4  main.o(.text.main)
    __arm_cp.2_7                             0x080010fc   Number         4  main.o(.text.main)
    __arm_cp.2_8                             0x08001100   Number         4  main.o(.text.main)
    __arm_cp.2_9                             0x08001104   Number         4  main.o(.text.main)
    __arm_cp.2_10                            0x08001108   Number         4  main.o(.text.main)
    __arm_cp.2_11                            0x0800110c   Number         4  main.o(.text.main)
    __arm_cp.2_12                            0x08001110   Number         4  main.o(.text.main)
    __arm_cp.2_13                            0x08001114   Number         4  main.o(.text.main)
    __arm_cp.2_14                            0x08001118   Number         4  main.o(.text.main)
    __arm_cp.2_15                            0x0800111c   Number         4  main.o(.text.main)
    __arm_cp.2_16                            0x08001120   Number         4  main.o(.text.main)
    __arm_cp.2_17                            0x08001124   Number         4  main.o(.text.main)
    __arm_cp.2_18                            0x08001128   Number         4  main.o(.text.main)
    __arm_cp.2_19                            0x0800112c   Number         4  main.o(.text.main)
    __arm_cp.2_20                            0x08001130   Number         4  main.o(.text.main)
    __arm_cp.2_21                            0x08001134   Number         4  main.o(.text.main)
    __arm_cp.2_22                            0x08001138   Number         4  main.o(.text.main)
    __arm_cp.2_23                            0x0800113c   Number         4  main.o(.text.main)
    __arm_cp.2_24                            0x08001140   Number         4  main.o(.text.main)
    [Anonymous Symbol]                       0x08001144   Section        0  kombo_nrf24.o(.text.nrf24_flush_rx)
    [Anonymous Symbol]                       0x0800115c   Section        0  kombo_nrf24.o(.text.nrf24_flush_tx)
    [Anonymous Symbol]                       0x08001174   Section        0  kombo_nrf24.o(.text.nrf24_init)
    __arm_cp.15_1                            0x080011f8   Number         4  kombo_nrf24.o(.text.nrf24_init)
    __arm_cp.15_2                            0x080011fc   Number         4  kombo_nrf24.o(.text.nrf24_init)
    [Anonymous Symbol]                       0x08001200   Section        0  kombo_nrf24.o(.text.nrf24_read_buf)
    [Anonymous Symbol]                       0x0800122c   Section        0  kombo_nrf24.o(.text.nrf24_read_reg)
    [Anonymous Symbol]                       0x08001248   Section        0  kombo_nrf24.o(.text.nrf24_rx_mode)
    __arm_cp.10_0                            0x0800128c   Number         4  kombo_nrf24.o(.text.nrf24_rx_mode)
    [Anonymous Symbol]                       0x08001290   Section        0  kombo_nrf24.o(.text.nrf24_send)
    [Anonymous Symbol]                       0x080012d4   Section        0  kombo_nrf24.o(.text.nrf24_toggle_features)
    [Anonymous Symbol]                       0x080012f4   Section        0  kombo_nrf24.o(.text.nrf24_transmit)
    [Anonymous Symbol]                       0x08001328   Section        0  kombo_nrf24.o(.text.nrf24_tx_mode)
    __arm_cp.11_0                            0x08001354   Number         4  kombo_nrf24.o(.text.nrf24_tx_mode)
    __arm_cp.11_1                            0x08001358   Number         4  kombo_nrf24.o(.text.nrf24_tx_mode)
    [Anonymous Symbol]                       0x0800135c   Section        0  kombo_nrf24.o(.text.nrf24_write_buf)
    [Anonymous Symbol]                       0x0800138c   Section        0  kombo_nrf24.o(.text.nrf24_write_reg)
    __arm_cp.4_0                             0x080013a8   Number         4  kombo_nrf24.o(.text.nrf24_write_reg)
    [Anonymous Symbol]                       0x080013ac   Section        0  main.o(.text.nrf24l01_receive)
    __arm_cp.1_0                             0x08001400   Number         4  main.o(.text.nrf24l01_receive)
    __arm_cp.1_1                             0x08001404   Number         4  main.o(.text.nrf24l01_receive)
    __arm_cp.1_2                             0x08001408   Number         4  main.o(.text.nrf24l01_receive)
    __arm_cp.1_3                             0x0800140c   Number         4  main.o(.text.nrf24l01_receive)
    [Anonymous Symbol]                       0x08001410   Section        0  ws2812.o(.text.rainbow)
    [Anonymous Symbol]                       0x08001458   Section        0  ws2812.o(.text.random_noise)
    __arm_cp.11_0                            0x08001498   Number         4  ws2812.o(.text.random_noise)
    [Anonymous Symbol]                       0x0800149c   Section        0  ws2812.o(.text.red_blue_run)
    [Anonymous Symbol]                       0x08001520   Section        0  ws2812.o(.text.red_green_run)
    [Anonymous Symbol]                       0x080015a8   Section        0  ws2812.o(.text.red_run)
    __arm_cp.6_0                             0x080015e8   Number         4  ws2812.o(.text.red_run)
    [Anonymous Symbol]                       0x080015ec   Section        0  spi.o(.text.spi_change_byte)
    [Anonymous Symbol]                       0x08001600   Section        0  spi.o(.text.spi_send_byte)
    __arm_cp.1_0                             0x08001614   Number         4  spi.o(.text.spi_send_byte)
    [Anonymous Symbol]                       0x08001618   Section        0  kombo_nrf24.o(.text.uni_delay_us)
    __arm_cp.2_0                             0x08001638   Number         4  kombo_nrf24.o(.text.uni_delay_us)
    __arm_cp.2_1                             0x0800163c   Number         4  kombo_nrf24.o(.text.uni_delay_us)
    .bss                                     0x20000010   Section      228  rand.o(.bss)
    .bss                                     0x200000f4   Section       96  libspace.o(.bss)
    [Anonymous Symbol]                       0x20000154   Section        0  main.o(.bss..L_MergedGlobals)
    [Anonymous Symbol]                       0x20000168   Section        0  kombo_nrf24.o(.bss..L_MergedGlobals)
    [Anonymous Symbol]                       0x2000018c   Section        0  ws2812.o(.bss..L_MergedGlobals)
    rainbow.step                             0x2000018e   Data           2  ws2812.o(.bss..L_MergedGlobals)
    green_run.step                           0x20000190   Data           2  ws2812.o(.bss..L_MergedGlobals)
    red_run.step                             0x20000192   Data           2  ws2812.o(.bss..L_MergedGlobals)
    blue_run.step                            0x20000194   Data           2  ws2812.o(.bss..L_MergedGlobals)
    red_blue_run.step_1                      0x20000196   Data           2  ws2812.o(.bss..L_MergedGlobals)
    red_green_run.step_1                     0x20000198   Data           2  ws2812.o(.bss..L_MergedGlobals)
    blue_green_run.step_1                    0x2000019a   Data           2  ws2812.o(.bss..L_MergedGlobals)
    Heap_Mem                                 0x20000380   Data         512  startup_stm32f030x6.o(HEAP)
    HEAP                                     0x20000380   Section      512  startup_stm32f030x6.o(HEAP)
    Stack_Mem                                0x20000580   Data        1024  startup_stm32f030x6.o(STACK)
    STACK                                    0x20000580   Section     1024  startup_stm32f030x6.o(STACK)
    __initial_sp                             0x20000980   Data           0  startup_stm32f030x6.o(STACK)

    Global Symbols

    Symbol Name                              Value     Ov Type        Size  Object(Section)

    BuildAttributes$$THM_ISAv3M$S$PE$A:L22$X:L11$S22$IEEE1$IW$~IW$USESV6$~STKCKD$USESV7$~SHL$OSPACE$ROPI$EBA8$UX$STANDARDLIB$REQ8$PRES8$EABIv2 0x00000000   Number         0  anon$$obj.o ABSOLUTE
    __ARM_exceptions_init                     - Undefined Weak Reference
    __alloca_initialize                       - Undefined Weak Reference
    __arm_preinit_                            - Undefined Weak Reference
    __arm_relocate_pie_                       - Undefined Weak Reference
    __cpp_initialize__aeabi_                  - Undefined Weak Reference
    __cxa_finalize                            - Undefined Weak Reference
    __rt_locale                               - Undefined Weak Reference
    __sigvec_lookup                           - Undefined Weak Reference
    _atexit_init                              - Undefined Weak Reference
    _call_atexit_fns                          - Undefined Weak Reference
    _clock_init                               - Undefined Weak Reference
    _fp_trap_init                             - Undefined Weak Reference
    _fp_trap_shutdown                         - Undefined Weak Reference
    _get_lc_collate                           - Undefined Weak Reference
    _get_lc_ctype                             - Undefined Weak Reference
    _get_lc_monetary                          - Undefined Weak Reference
    _get_lc_numeric                           - Undefined Weak Reference
    _get_lc_time                              - Undefined Weak Reference
    _getenv_init                              - Undefined Weak Reference
    _handle_redirection                       - Undefined Weak Reference
    _init_alloc                               - Undefined Weak Reference
    _init_user_alloc                          - Undefined Weak Reference
    _initio                                   - Undefined Weak Reference
    _signal_finish                            - Undefined Weak Reference
    _signal_init                              - Undefined Weak Reference
    _terminate_alloc                          - Undefined Weak Reference
    _terminate_user_alloc                     - Undefined Weak Reference
    _terminateio                              - Undefined Weak Reference
    __Vectors_Size                           0x000000b0   Number         0  startup_stm32f030x6.o ABSOLUTE
    __Vectors                                0x08000000   Data           4  startup_stm32f030x6.o(RESET)
    __Vectors_End                            0x080000b0   Data           0  startup_stm32f030x6.o(RESET)
    __main                                   0x080000b1   Thumb Code     8  __main.o(!!!main)
    __scatterload                            0x080000b9   Thumb Code     0  __scatter.o(!!!scatter)
    __scatterload_rt2                        0x080000b9   Thumb Code    52  __scatter.o(!!!scatter)
    __scatterload_rt2_thumb_only             0x080000b9   Thumb Code     0  __scatter.o(!!!scatter)
    __scatterload_null                       0x080000c9   Thumb Code     0  __scatter.o(!!!scatter)
    __scatterload_copy                       0x080000f5   Thumb Code    26  __scatter_copy.o(!!handler_copy)
    __scatterload_zeroinit                   0x08000111   Thumb Code    28  __scatter_zi.o(!!handler_zi)
    __rt_lib_init                            0x0800012d   Thumb Code     0  libinit.o(.ARM.Collect$$libinit$$00000000)
    __rt_lib_init_fp_1                       0x0800012f   Thumb Code     0  libinit2.o(.ARM.Collect$$libinit$$00000002)
    __rt_lib_init_heap_1                     0x0800012f   Thumb Code     0  libinit2.o(.ARM.Collect$$libinit$$0000000C)
    __rt_lib_init_preinit_1                  0x0800012f   Thumb Code     0  libinit2.o(.ARM.Collect$$libinit$$00000006)
    __rt_lib_init_rand_2                     0x0800012f   Thumb Code     0  libinit2.o(.ARM.Collect$$libinit$$0000000F)
    __rt_lib_init_relocate_pie_1             0x0800012f   Thumb Code     0  libinit2.o(.ARM.Collect$$libinit$$00000004)
    __rt_lib_init_user_alloc_1               0x0800012f   Thumb Code     0  libinit2.o(.ARM.Collect$$libinit$$0000000E)
    __rt_lib_init_alloca_1                   0x08000133   Thumb Code     0  libinit2.o(.ARM.Collect$$libinit$$00000030)
    __rt_lib_init_argv_1                     0x08000133   Thumb Code     0  libinit2.o(.ARM.Collect$$libinit$$0000002E)
    __rt_lib_init_atexit_1                   0x08000133   Thumb Code     0  libinit2.o(.ARM.Collect$$libinit$$0000001D)
    __rt_lib_init_clock_1                    0x08000133   Thumb Code     0  libinit2.o(.ARM.Collect$$libinit$$00000023)
    __rt_lib_init_cpp_1                      0x08000133   Thumb Code     0  libinit2.o(.ARM.Collect$$libinit$$00000034)
    __rt_lib_init_exceptions_1               0x08000133   Thumb Code     0  libinit2.o(.ARM.Collect$$libinit$$00000032)
    __rt_lib_init_fp_trap_1                  0x08000133   Thumb Code     0  libinit2.o(.ARM.Collect$$libinit$$00000021)
    __rt_lib_init_getenv_1                   0x08000133   Thumb Code     0  libinit2.o(.ARM.Collect$$libinit$$00000025)
    __rt_lib_init_lc_collate_1               0x08000133   Thumb Code     0  libinit2.o(.ARM.Collect$$libinit$$00000013)
    __rt_lib_init_lc_ctype_1                 0x08000133   Thumb Code     0  libinit2.o(.ARM.Collect$$libinit$$00000015)
    __rt_lib_init_lc_monetary_1              0x08000133   Thumb Code     0  libinit2.o(.ARM.Collect$$libinit$$00000017)
    __rt_lib_init_lc_numeric_1               0x08000133   Thumb Code     0  libinit2.o(.ARM.Collect$$libinit$$00000019)
    __rt_lib_init_lc_time_1                  0x08000133   Thumb Code     0  libinit2.o(.ARM.Collect$$libinit$$0000001B)
    __rt_lib_init_rand_1                     0x08000133   Thumb Code     0  libinit2.o(.ARM.Collect$$libinit$$00000010)
    __rt_lib_init_return                     0x08000133   Thumb Code     0  libinit2.o(.ARM.Collect$$libinit$$00000035)
    __rt_lib_init_signal_1                   0x08000133   Thumb Code     0  libinit2.o(.ARM.Collect$$libinit$$0000001F)
    __rt_lib_init_stdio_1                    0x08000133   Thumb Code     0  libinit2.o(.ARM.Collect$$libinit$$00000027)
    __rt_lib_shutdown                        0x08000135   Thumb Code     0  libshutdown.o(.ARM.Collect$$libshutdown$$00000000)
    __rt_lib_shutdown_cpp_1                  0x08000137   Thumb Code     0  libshutdown2.o(.ARM.Collect$$libshutdown$$00000002)
    __rt_lib_shutdown_fp_trap_1              0x08000137   Thumb Code     0  libshutdown2.o(.ARM.Collect$$libshutdown$$00000007)
    __rt_lib_shutdown_heap_1                 0x08000137   Thumb Code     0  libshutdown2.o(.ARM.Collect$$libshutdown$$0000000F)
    __rt_lib_shutdown_return                 0x08000137   Thumb Code     0  libshutdown2.o(.ARM.Collect$$libshutdown$$00000010)
    __rt_lib_shutdown_signal_1               0x08000137   Thumb Code     0  libshutdown2.o(.ARM.Collect$$libshutdown$$0000000A)
    __rt_lib_shutdown_stdio_1                0x08000137   Thumb Code     0  libshutdown2.o(.ARM.Collect$$libshutdown$$00000004)
    __rt_lib_shutdown_user_alloc_1           0x08000137   Thumb Code     0  libshutdown2.o(.ARM.Collect$$libshutdown$$0000000C)
    __rt_entry                               0x08000139   Thumb Code     0  __rtentry.o(.ARM.Collect$$rtentry$$00000000)
    __rt_entry_presh_1                       0x08000139   Thumb Code     0  __rtentry2.o(.ARM.Collect$$rtentry$$00000002)
    __rt_entry_sh                            0x08000139   Thumb Code     0  __rtentry4.o(.ARM.Collect$$rtentry$$00000004)
    __rt_entry_li                            0x0800013f   Thumb Code     0  __rtentry2.o(.ARM.Collect$$rtentry$$0000000A)
    __rt_entry_postsh_1                      0x0800013f   Thumb Code     0  __rtentry2.o(.ARM.Collect$$rtentry$$00000009)
    __rt_entry_main                          0x08000143   Thumb Code     0  __rtentry2.o(.ARM.Collect$$rtentry$$0000000D)
    __rt_entry_postli_1                      0x08000143   Thumb Code     0  __rtentry2.o(.ARM.Collect$$rtentry$$0000000C)
    __rt_exit                                0x0800014b   Thumb Code     0  rtexit.o(.ARM.Collect$$rtexit$$00000000)
    __rt_exit_ls                             0x0800014d   Thumb Code     0  rtexit2.o(.ARM.Collect$$rtexit$$00000003)
    __rt_exit_prels_1                        0x0800014d   Thumb Code     0  rtexit2.o(.ARM.Collect$$rtexit$$00000002)
    __rt_exit_exit                           0x08000151   Thumb Code     0  rtexit2.o(.ARM.Collect$$rtexit$$00000004)
    rand                                     0x08000159   Thumb Code    52  rand.o(.emb_text)
    Reset_Handler                            0x08000191   Thumb Code     8  startup_stm32f030x6.o(.text)
    ADC1_IRQHandler                          0x080001a3   Thumb Code     0  startup_stm32f030x6.o(.text)
    DMA1_Channel1_IRQHandler                 0x080001a3   Thumb Code     0  startup_stm32f030x6.o(.text)
    DMA1_Channel4_5_IRQHandler               0x080001a3   Thumb Code     0  startup_stm32f030x6.o(.text)
    EXTI0_1_IRQHandler                       0x080001a3   Thumb Code     0  startup_stm32f030x6.o(.text)
    EXTI4_15_IRQHandler                      0x080001a3   Thumb Code     0  startup_stm32f030x6.o(.text)
    FLASH_IRQHandler                         0x080001a3   Thumb Code     0  startup_stm32f030x6.o(.text)
    I2C1_IRQHandler                          0x080001a3   Thumb Code     0  startup_stm32f030x6.o(.text)
    RCC_IRQHandler                           0x080001a3   Thumb Code     0  startup_stm32f030x6.o(.text)
    RTC_IRQHandler                           0x080001a3   Thumb Code     0  startup_stm32f030x6.o(.text)
    SPI1_IRQHandler                          0x080001a3   Thumb Code     0  startup_stm32f030x6.o(.text)
    TIM14_IRQHandler                         0x080001a3   Thumb Code     0  startup_stm32f030x6.o(.text)
    TIM16_IRQHandler                         0x080001a3   Thumb Code     0  startup_stm32f030x6.o(.text)
    TIM17_IRQHandler                         0x080001a3   Thumb Code     0  startup_stm32f030x6.o(.text)
    TIM1_CC_IRQHandler                       0x080001a3   Thumb Code     0  startup_stm32f030x6.o(.text)
    TIM3_IRQHandler                          0x080001a3   Thumb Code     0  startup_stm32f030x6.o(.text)
    USART1_IRQHandler                        0x080001a3   Thumb Code     0  startup_stm32f030x6.o(.text)
    WWDG_IRQHandler                          0x080001a3   Thumb Code     0  startup_stm32f030x6.o(.text)
    __user_initial_stackheap                 0x080001a5   Thumb Code     0  startup_stm32f030x6.o(.text)
    srand                                    0x080001c9   Thumb Code    44  rand.o(.text)
    _rand_init                               0x080001f5   Thumb Code     4  rand.o(.text)
    _memset_w                                0x08000205   Thumb Code    26  rt_memclr.o(.text)
    _memset                                  0x0800021f   Thumb Code    30  rt_memclr.o(.text)
    __aeabi_memclr                           0x0800023d   Thumb Code     4  rt_memclr.o(.text)
    __rt_memclr                              0x0800023d   Thumb Code     0  rt_memclr.o(.text)
    __aeabi_memclr4                          0x08000241   Thumb Code     0  rt_memclr.o(.text)
    __aeabi_memclr8                          0x08000241   Thumb Code     0  rt_memclr.o(.text)
    __rt_memclr_w                            0x08000241   Thumb Code     4  rt_memclr.o(.text)
    __aeabi_uidiv                            0x08000245   Thumb Code     0  aeabi_sdiv.o(.text)
    __aeabi_uidivmod                         0x08000245   Thumb Code    20  aeabi_sdiv.o(.text)
    __aeabi_idiv                             0x08000259   Thumb Code     0  aeabi_sdiv.o(.text)
    __aeabi_idivmod                          0x08000259   Thumb Code   338  aeabi_sdiv.o(.text)
    __use_two_region_memory                  0x080003b1   Thumb Code     2  heapauxi.o(.text)
    __rt_heap_escrow$2region                 0x080003b3   Thumb Code     2  heapauxi.o(.text)
    __rt_heap_expand$2region                 0x080003b5   Thumb Code     2  heapauxi.o(.text)
    __user_setup_stackheap                   0x080003b7   Thumb Code    62  sys_stackheap_outer.o(.text)
    exit                                     0x080003f5   Thumb Code    16  exit.o(.text)
    __user_libspace                          0x08000405   Thumb Code     8  libspace.o(.text)
    __user_perproc_libspace                  0x08000405   Thumb Code     0  libspace.o(.text)
    __user_perthread_libspace                0x08000405   Thumb Code     0  libspace.o(.text)
    _sys_exit                                0x0800040d   Thumb Code     8  sys_exit.o(.text)
    __I$use$semihosting                      0x08000419   Thumb Code     0  use_no_semi.o(.text)
    __use_no_semihosting_swi                 0x08000419   Thumb Code     2  use_no_semi.o(.text)
    __semihosting_library_function           0x0800041b   Thumb Code     0  indicate_semi.o(.text)
    DMA1_Channel2_3_IRQHandler               0x0800041d   Thumb Code    68  stm32f0xx_it.o(.text.DMA1_Channel2_3_IRQHandler)
    EXTI2_3_IRQHandler                       0x08000469   Thumb Code    20  stm32f0xx_it.o(.text.EXTI2_3_IRQHandler)
    HardFault_Handler                        0x08000481   Thumb Code     2  stm32f0xx_it.o(.text.HardFault_Handler)
    LL_EXTI_Init                             0x080004d9   Thumb Code   148  stm32f0xx_ll_exti.o(.text.LL_EXTI_Init)
    LL_GPIO_Init                             0x08000571   Thumb Code   168  stm32f0xx_ll_gpio.o(.text.LL_GPIO_Init)
    LL_Init1msTick                           0x08000619   Thumb Code    28  stm32f0xx_ll_utils.o(.text.LL_Init1msTick)
    LL_SPI_Init                              0x08000635   Thumb Code   100  stm32f0xx_ll_spi.o(.text.LL_SPI_Init)
    LL_SetSystemCoreClock                    0x080006a1   Thumb Code     8  stm32f0xx_ll_utils.o(.text.LL_SetSystemCoreClock)
    LL_TIM_Init                              0x080006ad   Thumb Code   116  stm32f0xx_ll_tim.o(.text.LL_TIM_Init)
    LL_TIM_OC_Init                           0x08000729   Thumb Code   508  stm32f0xx_ll_tim.o(.text.LL_TIM_OC_Init)
    LL_mDelay                                0x0800093d   Thumb Code    36  stm32f0xx_ll_utils.o(.text.LL_mDelay)
    NMI_Handler                              0x08000965   Thumb Code     2  stm32f0xx_it.o(.text.NMI_Handler)
    PendSV_Handler                           0x08000967   Thumb Code     2  stm32f0xx_it.o(.text.PendSV_Handler)
    SVC_Handler                              0x08000969   Thumb Code     2  stm32f0xx_it.o(.text.SVC_Handler)
    SysTick_Handler                          0x0800096b   Thumb Code     2  stm32f0xx_it.o(.text.SysTick_Handler)
    SystemClock_Config                       0x0800096d   Thumb Code   148  main.o(.text.SystemClock_Config)
    SystemInit                               0x08000a0d   Thumb Code     2  system_stm32f0xx.o(.text.SystemInit)
    TIM1_BRK_UP_TRG_COM_IRQHandler           0x08000a0f   Thumb Code     8  stm32f0xx_it.o(.text.TIM1_BRK_UP_TRG_COM_IRQHandler)
    TIM1_callback                            0x08000a19   Thumb Code    24  main.o(.text.TIM1_callback)
    blink_leds                               0x08000a39   Thumb Code    52  ws2812.o(.text.blink_leds)
    blue_green_run                           0x08000a71   Thumb Code   132  ws2812.o(.text.blue_green_run)
    blue_run                                 0x08000af5   Thumb Code    64  ws2812.o(.text.blue_run)
    green_run                                0x08000b35   Thumb Code    64  ws2812.o(.text.green_run)
    irq_callback                             0x08000b75   Thumb Code   100  kombo_nrf24.o(.text.irq_callback)
    led_fill_buffer                          0x08000bdd   Thumb Code    92  ws2812.o(.text.led_fill_buffer)
    led_update                               0x08000c39   Thumb Code    72  ws2812.o(.text.led_update)
    led_wheel                                0x08000c95   Thumb Code    80  ws2812.o(.text.led_wheel)
    main                                     0x08000ced   Thumb Code  1012  main.o(.text.main)
    nrf24_flush_rx                           0x08001145   Thumb Code    24  kombo_nrf24.o(.text.nrf24_flush_rx)
    nrf24_flush_tx                           0x0800115d   Thumb Code    24  kombo_nrf24.o(.text.nrf24_flush_tx)
    nrf24_init                               0x08001175   Thumb Code   132  kombo_nrf24.o(.text.nrf24_init)
    nrf24_read_buf                           0x08001201   Thumb Code    44  kombo_nrf24.o(.text.nrf24_read_buf)
    nrf24_read_reg                           0x0800122d   Thumb Code    28  kombo_nrf24.o(.text.nrf24_read_reg)
    nrf24_rx_mode                            0x08001249   Thumb Code    68  kombo_nrf24.o(.text.nrf24_rx_mode)
    nrf24_send                               0x08001291   Thumb Code    68  kombo_nrf24.o(.text.nrf24_send)
    nrf24_toggle_features                    0x080012d5   Thumb Code    32  kombo_nrf24.o(.text.nrf24_toggle_features)
    nrf24_transmit                           0x080012f5   Thumb Code    52  kombo_nrf24.o(.text.nrf24_transmit)
    nrf24_tx_mode                            0x08001329   Thumb Code    44  kombo_nrf24.o(.text.nrf24_tx_mode)
    nrf24_write_buf                          0x0800135d   Thumb Code    48  kombo_nrf24.o(.text.nrf24_write_buf)
    nrf24_write_reg                          0x0800138d   Thumb Code    28  kombo_nrf24.o(.text.nrf24_write_reg)
    nrf24l01_receive                         0x080013ad   Thumb Code    84  main.o(.text.nrf24l01_receive)
    rainbow                                  0x08001411   Thumb Code    72  ws2812.o(.text.rainbow)
    random_noise                             0x08001459   Thumb Code    64  ws2812.o(.text.random_noise)
    red_blue_run                             0x0800149d   Thumb Code   132  ws2812.o(.text.red_blue_run)
    red_green_run                            0x08001521   Thumb Code   136  ws2812.o(.text.red_green_run)
    red_run                                  0x080015a9   Thumb Code    64  ws2812.o(.text.red_run)
    spi_change_byte                          0x080015ed   Thumb Code    20  spi.o(.text.spi_change_byte)
    spi_send_byte                            0x08001601   Thumb Code    20  spi.o(.text.spi_send_byte)
    uni_delay_us                             0x08001619   Thumb Code    32  kombo_nrf24.o(.text.uni_delay_us)
    Region$$Table$$Base                      0x08001640   Number         0  anon$$obj.o(Region$$Table)
    Region$$Table$$Limit                     0x08001660   Number         0  anon$$obj.o(Region$$Table)
    SystemCoreClock                          0x20000000   Data           4  system_stm32f0xx.o(.data.SystemCoreClock)
    led_pause                                0x20000004   Data           4  main.o(.data.led_pause)
    save_mode                                0x20000008   Data           1  main.o(.data.save_mode)
    tx_addr_0                                0x20000009   Data           3  kombo_nrf24.o(.data.tx_addr_0)
    tx_addr_1                                0x2000000c   Data           3  kombo_nrf24.o(.data.tx_addr_1)
    _random_number_data                      0x20000010   Data         228  rand.o(.bss)
    __libspace_start                         0x200000f4   Data          96  libspace.o(.bss)
    __temporary_stack_top$libspace           0x20000154   Data           0  libspace.o(.bss)
    led_mode                                 0x20000154   Data           1  main.o(.bss..L_MergedGlobals)
    f_pause                                  0x20000155   Data           1  main.o(.bss..L_MergedGlobals)
    millis                                   0x20000158   Data           4  main.o(.bss..L_MergedGlobals)
    temp_millis                              0x2000015c   Data           4  main.o(.bss..L_MergedGlobals)
    led_millis                               0x20000160   Data           4  main.o(.bss..L_MergedGlobals)
    pause_millis                             0x20000164   Data           4  main.o(.bss..L_MergedGlobals)
    f_rx                                     0x20000168   Data           1  kombo_nrf24.o(.bss..L_MergedGlobals)
    f_tx                                     0x20000169   Data           1  kombo_nrf24.o(.bss..L_MergedGlobals)
    rx_buf                                   0x2000016a   Data          32  kombo_nrf24.o(.bss..L_MergedGlobals)
    grb_offset                               0x2000018c   Data           2  ws2812.o(.bss..L_MergedGlobals)
    grb                                      0x2000019c   Data          64  ws2812.o(.bss..L_MergedGlobals)
    buffer                                   0x200001dc   Data         384  ws2812.o(.bss.buffer)
    tx_buf                                   0x2000035c   Data          32  kombo_nrf24.o(.bss.tx_buf)



==============================================================================

Memory Map of the image

  Image Entry point : 0x080000b1

  Load Region LR_IROM1 (Base: 0x08000000, Size: 0x00001670, Max: 0x00004000, ABSOLUTE)

    Execution Region ER_IROM1 (Exec base: 0x08000000, Load base: 0x08000000, Size: 0x00001660, Max: 0x00004000, ABSOLUTE)

    Exec Addr    Load Addr    Size         Type   Attr      Idx    E Section Name        Object

    0x08000000   0x08000000   0x000000b0   Data   RO            3    RESET               startup_stm32f030x6.o
    0x080000b0   0x080000b0   0x00000008   Code   RO          329  * !!!main             c_p.l(__main.o)
    0x080000b8   0x080000b8   0x0000003c   Code   RO          506    !!!scatter          c_p.l(__scatter.o)
    0x080000f4   0x080000f4   0x0000001a   Code   RO          508    !!handler_copy      c_p.l(__scatter_copy.o)
    0x0800010e   0x0800010e   0x00000002   PAD
    0x08000110   0x08000110   0x0000001c   Code   RO          510    !!handler_zi        c_p.l(__scatter_zi.o)
    0x0800012c   0x0800012c   0x00000002   Code   RO          422    .ARM.Collect$$libinit$$00000000  c_p.l(libinit.o)
    0x0800012e   0x0800012e   0x00000000   Code   RO          337    .ARM.Collect$$libinit$$00000002  c_p.l(libinit2.o)
    0x0800012e   0x0800012e   0x00000000   Code   RO          339    .ARM.Collect$$libinit$$00000004  c_p.l(libinit2.o)
    0x0800012e   0x0800012e   0x00000000   Code   RO          341    .ARM.Collect$$libinit$$00000006  c_p.l(libinit2.o)
    0x0800012e   0x0800012e   0x00000000   Code   RO          344    .ARM.Collect$$libinit$$0000000C  c_p.l(libinit2.o)
    0x0800012e   0x0800012e   0x00000000   Code   RO          346    .ARM.Collect$$libinit$$0000000E  c_p.l(libinit2.o)
    0x0800012e   0x0800012e   0x00000004   Code   RO          347    .ARM.Collect$$libinit$$0000000F  c_p.l(libinit2.o)
    0x08000132   0x08000132   0x00000000   Code   RO          348    .ARM.Collect$$libinit$$00000010  c_p.l(libinit2.o)
    0x08000132   0x08000132   0x00000000   Code   RO          351    .ARM.Collect$$libinit$$00000013  c_p.l(libinit2.o)
    0x08000132   0x08000132   0x00000000   Code   RO          353    .ARM.Collect$$libinit$$00000015  c_p.l(libinit2.o)
    0x08000132   0x08000132   0x00000000   Code   RO          355    .ARM.Collect$$libinit$$00000017  c_p.l(libinit2.o)
    0x08000132   0x08000132   0x00000000   Code   RO          357    .ARM.Collect$$libinit$$00000019  c_p.l(libinit2.o)
    0x08000132   0x08000132   0x00000000   Code   RO          359    .ARM.Collect$$libinit$$0000001B  c_p.l(libinit2.o)
    0x08000132   0x08000132   0x00000000   Code   RO          361    .ARM.Collect$$libinit$$0000001D  c_p.l(libinit2.o)
    0x08000132   0x08000132   0x00000000   Code   RO          363    .ARM.Collect$$libinit$$0000001F  c_p.l(libinit2.o)
    0x08000132   0x08000132   0x00000000   Code   RO          365    .ARM.Collect$$libinit$$00000021  c_p.l(libinit2.o)
    0x08000132   0x08000132   0x00000000   Code   RO          367    .ARM.Collect$$libinit$$00000023  c_p.l(libinit2.o)
    0x08000132   0x08000132   0x00000000   Code   RO          369    .ARM.Collect$$libinit$$00000025  c_p.l(libinit2.o)
    0x08000132   0x08000132   0x00000000   Code   RO          371    .ARM.Collect$$libinit$$00000027  c_p.l(libinit2.o)
    0x08000132   0x08000132   0x00000000   Code   RO          375    .ARM.Collect$$libinit$$0000002E  c_p.l(libinit2.o)
    0x08000132   0x08000132   0x00000000   Code   RO          377    .ARM.Collect$$libinit$$00000030  c_p.l(libinit2.o)
    0x08000132   0x08000132   0x00000000   Code   RO          379    .ARM.Collect$$libinit$$00000032  c_p.l(libinit2.o)
    0x08000132   0x08000132   0x00000000   Code   RO          381    .ARM.Collect$$libinit$$00000034  c_p.l(libinit2.o)
    0x08000132   0x08000132   0x00000002   Code   RO          382    .ARM.Collect$$libinit$$00000035  c_p.l(libinit2.o)
    0x08000134   0x08000134   0x00000002   Code   RO          473    .ARM.Collect$$libshutdown$$00000000  c_p.l(libshutdown.o)
    0x08000136   0x08000136   0x00000000   Code   RO          489    .ARM.Collect$$libshutdown$$00000002  c_p.l(libshutdown2.o)
    0x08000136   0x08000136   0x00000000   Code   RO          491    .ARM.Collect$$libshutdown$$00000004  c_p.l(libshutdown2.o)
    0x08000136   0x08000136   0x00000000   Code   RO          494    .ARM.Collect$$libshutdown$$00000007  c_p.l(libshutdown2.o)
    0x08000136   0x08000136   0x00000000   Code   RO          497    .ARM.Collect$$libshutdown$$0000000A  c_p.l(libshutdown2.o)
    0x08000136   0x08000136   0x00000000   Code   RO          499    .ARM.Collect$$libshutdown$$0000000C  c_p.l(libshutdown2.o)
    0x08000136   0x08000136   0x00000000   Code   RO          502    .ARM.Collect$$libshutdown$$0000000F  c_p.l(libshutdown2.o)
    0x08000136   0x08000136   0x00000002   Code   RO          503    .ARM.Collect$$libshutdown$$00000010  c_p.l(libshutdown2.o)
    0x08000138   0x08000138   0x00000000   Code   RO          331    .ARM.Collect$$rtentry$$00000000  c_p.l(__rtentry.o)
    0x08000138   0x08000138   0x00000000   Code   RO          384    .ARM.Collect$$rtentry$$00000002  c_p.l(__rtentry2.o)
    0x08000138   0x08000138   0x00000006   Code   RO          396    .ARM.Collect$$rtentry$$00000004  c_p.l(__rtentry4.o)
    0x0800013e   0x0800013e   0x00000000   Code   RO          386    .ARM.Collect$$rtentry$$00000009  c_p.l(__rtentry2.o)
    0x0800013e   0x0800013e   0x00000004   Code   RO          387    .ARM.Collect$$rtentry$$0000000A  c_p.l(__rtentry2.o)
    0x08000142   0x08000142   0x00000000   Code   RO          389    .ARM.Collect$$rtentry$$0000000C  c_p.l(__rtentry2.o)
    0x08000142   0x08000142   0x00000008   Code   RO          390    .ARM.Collect$$rtentry$$0000000D  c_p.l(__rtentry2.o)
    0x0800014a   0x0800014a   0x00000002   Code   RO          431    .ARM.Collect$$rtexit$$00000000  c_p.l(rtexit.o)
    0x0800014c   0x0800014c   0x00000000   Code   RO          453    .ARM.Collect$$rtexit$$00000002  c_p.l(rtexit2.o)
    0x0800014c   0x0800014c   0x00000004   Code   RO          454    .ARM.Collect$$rtexit$$00000003  c_p.l(rtexit2.o)
    0x08000150   0x08000150   0x00000006   Code   RO          455    .ARM.Collect$$rtexit$$00000004  c_p.l(rtexit2.o)
    0x08000156   0x08000156   0x00000002   PAD
    0x08000158   0x08000158   0x00000038   Code   RO          316    .emb_text           c_p.l(rand.o)
    0x08000190   0x08000190   0x00000038   Code   RO            4    .text               startup_stm32f030x6.o
    0x080001c8   0x080001c8   0x0000003c   Code   RO          317    .text               c_p.l(rand.o)
    0x08000204   0x08000204   0x00000040   Code   RO          321    .text               c_p.l(rt_memclr.o)
    0x08000244   0x08000244   0x0000016c   Code   RO          323    .text               c_p.l(aeabi_sdiv.o)
    0x080003b0   0x080003b0   0x00000006   Code   RO          327    .text               c_p.l(heapauxi.o)
    0x080003b6   0x080003b6   0x0000003e   Code   RO          404    .text               c_p.l(sys_stackheap_outer.o)
    0x080003f4   0x080003f4   0x00000010   Code   RO          407    .text               c_p.l(exit.o)
    0x08000404   0x08000404   0x00000008   Code   RO          427    .text               c_p.l(libspace.o)
    0x0800040c   0x0800040c   0x0000000c   Code   RO          445    .text               c_p.l(sys_exit.o)
    0x08000418   0x08000418   0x00000002   Code   RO          449    .text               c_p.l(use_no_semi.o)
    0x0800041a   0x0800041a   0x00000000   Code   RO          451    .text               c_p.l(indicate_semi.o)
    0x0800041a   0x0800041a   0x00000002   PAD
    0x0800041c   0x0800041c   0x0000004c   Code   RO           51    .text.DMA1_Channel2_3_IRQHandler  stm32f0xx_it.o
    0x08000468   0x08000468   0x00000018   Code   RO           49    .text.EXTI2_3_IRQHandler  stm32f0xx_it.o
    0x08000480   0x08000480   0x00000002   Code   RO           41    .text.HardFault_Handler  stm32f0xx_it.o
    0x08000482   0x08000482   0x00000002   PAD
    0x08000484   0x08000484   0x0000001c   Code   RO           25    .text.LL_AHB1_GRP1_EnableClock  main.o
    0x080004a0   0x080004a0   0x0000001c   Code   RO           19    .text.LL_APB1_GRP1_EnableClock  main.o
    0x080004bc   0x080004bc   0x0000001c   Code   RO           17    .text.LL_APB1_GRP2_EnableClock  main.o
    0x080004d8   0x080004d8   0x00000098   Code   RO          232    .text.LL_EXTI_Init  stm32f0xx_ll_exti.o
    0x08000570   0x08000570   0x000000a8   Code   RO          158    .text.LL_GPIO_Init  stm32f0xx_ll_gpio.o
    0x08000618   0x08000618   0x0000001c   Code   RO          208    .text.LL_Init1msTick  stm32f0xx_ll_utils.o
    0x08000634   0x08000634   0x0000006c   Code   RO          246    .text.LL_SPI_Init   stm32f0xx_ll_spi.o
    0x080006a0   0x080006a0   0x0000000c   Code   RO          212    .text.LL_SetSystemCoreClock  stm32f0xx_ll_utils.o
    0x080006ac   0x080006ac   0x0000007c   Code   RO          270    .text.LL_TIM_Init   stm32f0xx_ll_tim.o
    0x08000728   0x08000728   0x00000214   Code   RO          274    .text.LL_TIM_OC_Init  stm32f0xx_ll_tim.o
    0x0800093c   0x0800093c   0x00000028   Code   RO          210    .text.LL_mDelay     stm32f0xx_ll_utils.o
    0x08000964   0x08000964   0x00000002   Code   RO           39    .text.NMI_Handler   stm32f0xx_it.o
    0x08000966   0x08000966   0x00000002   Code   RO           45    .text.PendSV_Handler  stm32f0xx_it.o
    0x08000968   0x08000968   0x00000002   Code   RO           43    .text.SVC_Handler   stm32f0xx_it.o
    0x0800096a   0x0800096a   0x00000002   Code   RO           47    .text.SysTick_Handler  stm32f0xx_it.o
    0x0800096c   0x0800096c   0x000000a0   Code   RO           21    .text.SystemClock_Config  main.o
    0x08000a0c   0x08000a0c   0x00000002   Code   RO          300    .text.SystemInit    system_stm32f0xx.o
    0x08000a0e   0x08000a0e   0x00000008   Code   RO           53    .text.TIM1_BRK_UP_TRG_COM_IRQHandler  stm32f0xx_it.o
    0x08000a16   0x08000a16   0x00000002   PAD
    0x08000a18   0x08000a18   0x00000020   Code   RO           11    .text.TIM1_callback  main.o
    0x08000a38   0x08000a38   0x00000038   Code   RO          126    .text.blink_leds    ws2812.o
    0x08000a70   0x08000a70   0x00000084   Code   RO          142    .text.blue_green_run  ws2812.o
    0x08000af4   0x08000af4   0x00000040   Code   RO          136    .text.blue_run      ws2812.o
    0x08000b34   0x08000b34   0x00000040   Code   RO          132    .text.green_run     ws2812.o
    0x08000b74   0x08000b74   0x00000068   Code   RO           94    .text.irq_callback  kombo_nrf24.o
    0x08000bdc   0x08000bdc   0x0000005c   Code   RO          122    .text.led_fill_buffer  ws2812.o
    0x08000c38   0x08000c38   0x0000005c   Code   RO          124    .text.led_update    ws2812.o
    0x08000c94   0x08000c94   0x00000058   Code   RO          128    .text.led_wheel     ws2812.o
    0x08000cec   0x08000cec   0x00000458   Code   RO           15    .text.main          main.o
    0x08001144   0x08001144   0x00000018   Code   RO           78    .text.nrf24_flush_rx  kombo_nrf24.o
    0x0800115c   0x0800115c   0x00000018   Code   RO           80    .text.nrf24_flush_tx  kombo_nrf24.o
    0x08001174   0x08001174   0x0000008c   Code   RO           92    .text.nrf24_init    kombo_nrf24.o
    0x08001200   0x08001200   0x0000002c   Code   RO           74    .text.nrf24_read_buf  kombo_nrf24.o
    0x0800122c   0x0800122c   0x0000001c   Code   RO           68    .text.nrf24_read_reg  kombo_nrf24.o
    0x08001248   0x08001248   0x00000048   Code   RO           82    .text.nrf24_rx_mode  kombo_nrf24.o
    0x08001290   0x08001290   0x00000044   Code   RO           88    .text.nrf24_send    kombo_nrf24.o
    0x080012d4   0x080012d4   0x00000020   Code   RO           72    .text.nrf24_toggle_features  kombo_nrf24.o
    0x080012f4   0x080012f4   0x00000034   Code   RO           86    .text.nrf24_transmit  kombo_nrf24.o
    0x08001328   0x08001328   0x00000034   Code   RO           84    .text.nrf24_tx_mode  kombo_nrf24.o
    0x0800135c   0x0800135c   0x00000030   Code   RO           76    .text.nrf24_write_buf  kombo_nrf24.o
    0x0800138c   0x0800138c   0x00000020   Code   RO           70    .text.nrf24_write_reg  kombo_nrf24.o
    0x080013ac   0x080013ac   0x00000064   Code   RO           13    .text.nrf24l01_receive  main.o
    0x08001410   0x08001410   0x00000048   Code   RO          130    .text.rainbow       ws2812.o
    0x08001458   0x08001458   0x00000044   Code   RO          144    .text.random_noise  ws2812.o
    0x0800149c   0x0800149c   0x00000084   Code   RO          138    .text.red_blue_run  ws2812.o
    0x08001520   0x08001520   0x00000088   Code   RO          140    .text.red_green_run  ws2812.o
    0x080015a8   0x080015a8   0x00000044   Code   RO          134    .text.red_run       ws2812.o
    0x080015ec   0x080015ec   0x00000014   Code   RO          112    .text.spi_change_byte  spi.o
    0x08001600   0x08001600   0x00000018   Code   RO          110    .text.spi_send_byte  spi.o
    0x08001618   0x08001618   0x00000028   Code   RO           66    .text.uni_delay_us  kombo_nrf24.o
    0x08001640   0x08001640   0x00000020   Data   RO          505    Region$$Table       anon$$obj.o


    Execution Region RW_IRAM1 (Exec base: 0x20000000, Load base: 0x08001660, Size: 0x00000980, Max: 0x00001000, ABSOLUTE)

    Exec Addr    Load Addr    Size         Type   Attr      Idx    E Section Name        Object

    0x20000000   0x08001660   0x00000004   Data   RW          304    .data.SystemCoreClock  system_stm32f0xx.o
    0x20000004   0x08001664   0x00000004   Data   RW           27    .data.led_pause     main.o
    0x20000008   0x08001668   0x00000001   Data   RW           28    .data.save_mode     main.o
    0x20000009   0x08001669   0x00000003   Data   RW           96    .data.tx_addr_0     kombo_nrf24.o
    0x2000000c   0x0800166c   0x00000003   Data   RW           97    .data.tx_addr_1     kombo_nrf24.o
    0x2000000f   0x0800166f   0x00000001   PAD
    0x20000010        -       0x000000e4   Zero   RW          318    .bss                c_p.l(rand.o)
    0x200000f4        -       0x00000060   Zero   RW          428    .bss                c_p.l(libspace.o)
    0x20000154        -       0x00000014   Zero   RW           30    .bss..L_MergedGlobals  main.o
    0x20000168        -       0x00000022   Zero   RW           99    .bss..L_MergedGlobals  kombo_nrf24.o
    0x2000018a   0x0800166f   0x00000002   PAD
    0x2000018c        -       0x00000050   Zero   RW          147    .bss..L_MergedGlobals  ws2812.o
    0x200001dc        -       0x00000180   Zero   RW          146    .bss.buffer         ws2812.o
    0x2000035c        -       0x00000020   Zero   RW           98    .bss.tx_buf         kombo_nrf24.o
    0x2000037c   0x0800166f   0x00000004   PAD
    0x20000380        -       0x00000200   Zero   RW            2    HEAP                startup_stm32f030x6.o
    0x20000580        -       0x00000400   Zero   RW            1    STACK               startup_stm32f030x6.o


==============================================================================

Image component sizes


      Code (inc. data)   RO Data    RW Data    ZI Data      Debug   Object Name

       760         36          0          6         66       6211   kombo_nrf24.o
      1488        154          0          5         20      13746   main.o
        44          4          0          0          0       2012   spi.o
        56         26        176          0       1536        644   startup_stm32f030x6.o
       118         12          0          0          0       2706   stm32f0xx_it.o
       152          8          0          0          0       2467   stm32f0xx_ll_exti.o
       168          0          0          0          0       3391   stm32f0xx_ll_gpio.o
       108          8          0          0          0       3015   stm32f0xx_ll_spi.o
       656         32          0          0          0      11066   stm32f0xx_ll_tim.o
        80          8          0          0          0       6871   stm32f0xx_ll_utils.o
         2          0          0          4          0       1827   system_stm32f0xx.o
      1064         40          0          0        464       6630   ws2812.o

    ----------------------------------------------------------------------
      4700        328        208         16       2092      60586   Object Totals
         0          0         32          0          0          0   (incl. Generated)
         4          0          0          1          6          0   (incl. Padding)

    ----------------------------------------------------------------------

      Code (inc. data)   RO Data    RW Data    ZI Data      Debug   Library Member Name

         8          0          0          0          0         68   __main.o
         0          0          0          0          0          0   __rtentry.o
        12          0          0          0          0          0   __rtentry2.o
         6          0          0          0          0          0   __rtentry4.o
        60          8          0          0          0          0   __scatter.o
        26          0          0          0          0          0   __scatter_copy.o
        28          0          0          0          0          0   __scatter_zi.o
       364          4          0          0          0         92   aeabi_sdiv.o
        16          0          0          0          0         68   exit.o
         6          0          0          0          0        136   heapauxi.o
         0          0          0          0          0          0   indicate_semi.o
         2          0          0          0          0          0   libinit.o
         6          0          0          0          0          0   libinit2.o
         2          0          0          0          0          0   libshutdown.o
         2          0          0          0          0          0   libshutdown2.o
         8          4          0          0         96         68   libspace.o
       116         16          0          0        228        156   rand.o
        64          0          0          0          0        108   rt_memclr.o
         2          0          0          0          0          0   rtexit.o
        10          0          0          0          0          0   rtexit2.o
        12          4          0          0          0         60   sys_exit.o
        62          0          0          0          0         80   sys_stackheap_outer.o
         2          0          0          0          0         68   use_no_semi.o

    ----------------------------------------------------------------------
       820         36          0          0        324        904   Library Totals
         6          0          0          0          0          0   (incl. Padding)

    ----------------------------------------------------------------------

      Code (inc. data)   RO Data    RW Data    ZI Data      Debug   Library Name

       814         36          0          0        324        904   c_p.l

    ----------------------------------------------------------------------
       820         36          0          0        324        904   Library Totals

    ----------------------------------------------------------------------

==============================================================================


      Code (inc. data)   RO Data    RW Data    ZI Data      Debug   

      5520        364        208         16       2416      61006   Grand Totals
      5520        364        208         16       2416      61006   ELF Image Totals
      5520        364        208         16          0          0   ROM Totals

==============================================================================

    Total RO  Size (Code + RO Data)                 5728 (   5.59kB)
    Total RW  Size (RW Data + ZI Data)              2432 (   2.38kB)
    Total ROM Size (Code + RO Data + RW Data)       5744 (   5.61kB)

==============================================================================

